Archive member included to satisfy reference by file (symbol)

/Users/clfilho/SimplicityStudio/BLE/MultibeaconBG13/platform/radio/rail_lib/autogen/librail_release/librail_efr32xg13_gcc_release.a(rail_pti.o)
                              ./pti.o (RAIL_ConfigPti)
/Users/clfilho/SimplicityStudio/BLE/MultibeaconBG13/platform/radio/rail_lib/autogen/librail_release/librail_efr32xg13_gcc_release.a(rail_rf_hal.o)
                              /Users/clfilho/SimplicityStudio/BLE/MultibeaconBG13/platform/radio/rail_lib/autogen/librail_release/librail_efr32xg13_gcc_release.a(rail_pti.o) (RFHAL_ConfigPti)
/Users/clfilho/SimplicityStudio/BLE/MultibeaconBG13/platform/radio/rail_lib/autogen/librail_release/librail_efr32xg13_gcc_release.a(rail_ieee802154_rf_hal.o)
                              /Users/clfilho/SimplicityStudio/BLE/MultibeaconBG13/platform/radio/rail_lib/autogen/librail_release/librail_efr32xg13_gcc_release.a(rail_rf_hal.o) (RFHAL_IEEE802154IsEnabled)
/Users/clfilho/SimplicityStudio/BLE/MultibeaconBG13/platform/radio/rail_lib/autogen/librail_release/librail_efr32xg13_gcc_release.a(ieee802154_efr32xg13_configurator_out.o)
                              /Users/clfilho/SimplicityStudio/BLE/MultibeaconBG13/platform/radio/rail_lib/autogen/librail_release/librail_efr32xg13_gcc_release.a(rail_ieee802154_rf_hal.o) (ieee802154_coherent_min)
/Users/clfilho/SimplicityStudio/BLE/MultibeaconBG13/platform/radio/rail_lib/autogen/librail_release/librail_efr32xg13_gcc_release.a(ieee802154_gb868_efr32xg13_configurator_out.o)
                              /Users/clfilho/SimplicityStudio/BLE/MultibeaconBG13/platform/radio/rail_lib/autogen/librail_release/librail_efr32xg13_gcc_release.a(rail_ieee802154_rf_hal.o) (ieee802154_gb868_config_915_min)
/Users/clfilho/SimplicityStudio/BLE/MultibeaconBG13/platform/radio/rail_lib/autogen/librail_release/librail_efr32xg13_gcc_release.a(rail_ble_rf_hal.o)
                              /Users/clfilho/SimplicityStudio/BLE/MultibeaconBG13/platform/radio/rail_lib/autogen/librail_release/librail_efr32xg13_gcc_release.a(rail_rf_hal.o) (RFHAL_IsBleLongRangeEnabled)
/Users/clfilho/SimplicityStudio/BLE/MultibeaconBG13/platform/radio/rail_lib/autogen/librail_release/librail_efr32xg13_gcc_release.a(ble_efr32xg13_configurator_out.o)
                              /Users/clfilho/SimplicityStudio/BLE/MultibeaconBG13/platform/radio/rail_lib/autogen/librail_release/librail_efr32xg13_gcc_release.a(rail_ble_rf_hal.o) (ble_viterbi2M_min)
/Users/clfilho/SimplicityStudio/BLE/MultibeaconBG13/platform/radio/rail_lib/autogen/librail_release/librail_efr32xg13_gcc_release.a(rail_singleprotocol.o)
                              /Users/clfilho/SimplicityStudio/BLE/MultibeaconBG13/platform/radio/rail_lib/autogen/librail_release/librail_efr32xg13_gcc_release.a(rail_rf_hal.o) (RAIL_ActiveHandle)
/Users/clfilho/SimplicityStudio/BLE/MultibeaconBG13/platform/radio/rail_lib/autogen/librail_release/librail_efr32xg13_gcc_release.a(rail_rf.o)
                              /Users/clfilho/SimplicityStudio/BLE/MultibeaconBG13/platform/radio/rail_lib/autogen/librail_release/librail_efr32xg13_gcc_release.a(rail_singleprotocol.o) (RAILCore_Init)
/Users/clfilho/SimplicityStudio/BLE/MultibeaconBG13/platform/radio/rail_lib/autogen/librail_release/librail_efr32xg13_gcc_release.a(rail_rx.o)
                              /Users/clfilho/SimplicityStudio/BLE/MultibeaconBG13/platform/radio/rail_lib/autogen/librail_release/librail_efr32xg13_gcc_release.a(rail_rf_hal.o) (RAILCore_StartRx)
/Users/clfilho/SimplicityStudio/BLE/MultibeaconBG13/platform/radio/rail_lib/autogen/librail_release/librail_efr32xg13_gcc_release.a(rail_tx.o)
                              /Users/clfilho/SimplicityStudio/BLE/MultibeaconBG13/platform/radio/rail_lib/autogen/librail_release/librail_efr32xg13_gcc_release.a(rail_singleprotocol.o) (RAILCore_StartTxStream)
/Users/clfilho/SimplicityStudio/BLE/MultibeaconBG13/platform/radio/rail_lib/autogen/librail_release/librail_efr32xg13_gcc_release.a(rail_calibration.o)
                              /Users/clfilho/SimplicityStudio/BLE/MultibeaconBG13/platform/radio/rail_lib/autogen/librail_release/librail_efr32xg13_gcc_release.a(rail_rf_hal.o) (RAILInt_PendCal)
/Users/clfilho/SimplicityStudio/BLE/MultibeaconBG13/platform/radio/rail_lib/autogen/librail_release/librail_efr32xg13_gcc_release.a(rail_data.o)
                              /Users/clfilho/SimplicityStudio/BLE/MultibeaconBG13/platform/radio/rail_lib/autogen/librail_release/librail_efr32xg13_gcc_release.a(rail_rf_hal.o) (RAILCb_SetupRxFifo)
/Users/clfilho/SimplicityStudio/BLE/MultibeaconBG13/platform/radio/rail_lib/autogen/librail_release/librail_efr32xg13_gcc_release.a(rail_assert.o)
                              /Users/clfilho/SimplicityStudio/BLE/MultibeaconBG13/platform/radio/rail_lib/autogen/librail_release/librail_efr32xg13_gcc_release.a(rail_rf.o) (RAILInt_Assert)
[...]
Memory Configuration

Name             Origin             Length             Attributes
FLASH_BOOTLOADER 0x000000000fe10000 0x0000000000004000 xr
FLASH            0x0000000000000000 0x000000000007f000 xr
RAM              0x0000000020000000 0x0000000000010000 xrw
*default*        0x0000000000000000 0xffffffffffffffff

Linker script and memory map

LOAD /Applications/Simplicity Studio 2.app/Contents/Eclipse/developer/toolchains/gnu_arm/7.2_2017q4/bin/../lib/gcc/arm-none-eabi/7.2.1/thumb/v7e-m/fpv4-sp/softfp/crti.o
LOAD /Applications/Simplicity Studio 2.app/Contents/Eclipse/developer/toolchains/gnu_arm/7.2_2017q4/bin/../lib/gcc/arm-none-eabi/7.2.1/thumb/v7e-m/fpv4-sp/softfp/crtbegin.o
LOAD /Applications/Simplicity Studio 2.app/Contents/Eclipse/developer/toolchains/gnu_arm/7.2_2017q4/bin/../lib/gcc/arm-none-eabi/7.2.1/../../../../arm-none-eabi/lib/thumb/v7e-m/fpv4-sp/softfp/crt0.o
START GROUP
LOAD ./Lab 3 - main.o
LOAD ./application_properties.o
LOAD ./gatt_db.o
LOAD ./init_app.o
LOAD ./init_board.o
LOAD ./init_mcu.o
LOAD ./pti.o
LOAD ./hardware/kit/common/bsp/bsp_stk.o
LOAD ./hardware/kit/common/drivers/mx25flash_spi.o
LOAD ./platform/Device/SiliconLabs/EFR32BG13P/Source/GCC/startup_efr32bg13p.o
LOAD ./platform/Device/SiliconLabs/EFR32BG13P/Source/system_efr32bg13p.o
LOAD ./platform/emdrv/sleep/src/sleep.o
LOAD ./platform/emlib/src/em_cmu.o
LOAD ./platform/emlib/src/em_core.o
LOAD ./platform/emlib/src/em_cryotimer.o
LOAD ./platform/emlib/src/em_crypto.o
LOAD ./platform/emlib/src/em_emu.o
LOAD ./platform/emlib/src/em_gpio.o
LOAD ./platform/emlib/src/em_i2c.o
LOAD ./platform/emlib/src/em_msc.o
LOAD ./platform/emlib/src/em_rmu.o
LOAD ./platform/emlib/src/em_rtcc.o
LOAD ./platform/emlib/src/em_system.o
LOAD ./platform/emlib/src/em_timer.o
LOAD ./platform/emlib/src/em_usart.o
LOAD /Users/clfilho/SimplicityStudio/BLE/MultibeaconBG13/platform/radio/rail_lib/autogen/librail_release/librail_efr32xg13_gcc_release.a
LOAD /Users/clfilho/SimplicityStudio/BLE/MultibeaconBG13/protocol/bluetooth/lib/EFR32BG13P/GCC/binapploader.o
LOAD /Users/clfilho/SimplicityStudio/BLE/MultibeaconBG13/protocol/bluetooth/lib/EFR32BG13P/GCC/libpsstore.a
LOAD /Users/clfilho/SimplicityStudio/BLE/MultibeaconBG13/protocol/bluetooth/lib/EFR32BG13P/GCC/libbluetooth.a
LOAD /Users/clfilho/SimplicityStudio/BLE/MultibeaconBG13/protocol/bluetooth/lib/EFR32BG13P/GCC/libmbedtls.a
LOAD /Applications/Simplicity Studio 2.app/Contents/Eclipse/developer/toolchains/gnu_arm/7.2_2017q4/bin/../lib/gcc/arm-none-eabi/7.2.1/../../../../arm-none-eabi/lib/thumb/v7e-m/fpv4-sp/softfp/libm.a
END GROUP
START GROUP
LOAD /Applications/Simplicity Studio 2.app/Contents/Eclipse/developer/toolchains/gnu_arm/7.2_2017q4/bin/../lib/gcc/arm-none-eabi/7.2.1/thumb/v7e-m/fpv4-sp/softfp/libgcc.a
LOAD /Applications/Simplicity Studio 2.app/Contents/Eclipse/developer/toolchains/gnu_arm/7.2_2017q4/bin/../lib/gcc/arm-none-eabi/7.2.1/../../../../arm-none-eabi/lib/thumb/v7e-m/fpv4-sp/softfp/libc_nano.a
LOAD /Applications/Simplicity Studio 2.app/Contents/Eclipse/developer/toolchains/gnu_arm/7.2_2017q4/bin/../lib/gcc/arm-none-eabi/7.2.1/../../../../arm-none-eabi/lib/thumb/v7e-m/fpv4-sp/softfp/libnosys.a
END GROUP
START GROUP
LOAD /Applications/Simplicity Studio 2.app/Contents/Eclipse/developer/toolchains/gnu_arm/7.2_2017q4/bin/../lib/gcc/arm-none-eabi/7.2.1/thumb/v7e-m/fpv4-sp/softfp/libgcc.a
LOAD /Applications/Simplicity Studio 2.app/Contents/Eclipse/developer/toolchains/gnu_arm/7.2_2017q4/bin/../lib/gcc/arm-none-eabi/7.2.1/../../../../arm-none-eabi/lib/thumb/v7e-m/fpv4-sp/softfp/libg_nano.a
LOAD /Applications/Simplicity Studio 2.app/Contents/Eclipse/developer/toolchains/gnu_arm/7.2_2017q4/bin/../lib/gcc/arm-none-eabi/7.2.1/../../../../arm-none-eabi/lib/thumb/v7e-m/fpv4-sp/softfp/libc_nano.a
END GROUP
START GROUP
LOAD /Applications/Simplicity Studio 2.app/Contents/Eclipse/developer/toolchains/gnu_arm/7.2_2017q4/bin/../lib/gcc/arm-none-eabi/7.2.1/thumb/v7e-m/fpv4-sp/softfp/libgcc.a
LOAD /Applications/Simplicity Studio 2.app/Contents/Eclipse/developer/toolchains/gnu_arm/7.2_2017q4/bin/../lib/gcc/arm-none-eabi/7.2.1/../../../../arm-none-eabi/lib/thumb/v7e-m/fpv4-sp/softfp/libc_nano.a
END GROUP
LOAD /Applications/Simplicity Studio 2.app/Contents/Eclipse/developer/toolchains/gnu_arm/7.2_2017q4/bin/../lib/gcc/arm-none-eabi/7.2.1/thumb/v7e-m/fpv4-sp/softfp/crtend.o
LOAD /Applications/Simplicity Studio 2.app/Contents/Eclipse/developer/toolchains/gnu_arm/7.2_2017q4/bin/../lib/gcc/arm-none-eabi/7.2.1/thumb/v7e-m/fpv4-sp/softfp/crtn.o

.text_bootloader
                0x000000000fe10000        0x0
 *(.binbootloader*)
                0x000000000fe10000                . = ALIGN (0x4000)

.text_apploader
                0x0000000000000000     0x8fc0
 *(.binapploader*)
 .binapploader  0x0000000000000000     0x8fc0 /Users/clfilho/SimplicityStudio/BLE/MultibeaconBG13/protocol/bluetooth/lib/EFR32BG13P/GCC/binapploader.o

.text_signature
                0x0000000000008fc0       0x40
                0x0000000000009000                . = ALIGN (0x800)
 *fill*         0x0000000000008fc0       0x40 
                0x0000000000009000                __text_start__ = .

.text_application
                0x0000000000009000    0x20cf8
 *(.vectors)
 .vectors       0x0000000000009000       0xfc ./platform/Device/SiliconLabs/EFR32BG13P/Source/GCC/startup_efr32bg13p.o
                0x0000000000009000                __Vectors
                0x00000000000090fc                __Vectors_End = .
                0x00000000000000fc                __Vectors_Size = (__Vectors_End - __Vectors)
                0x00000000000090fc                __end__ = .
 *(.application_properties)
 .application_properties
                0x00000000000090fc       0x38 ./application_properties.o
                0x00000000000090fc                applicationProperties
 *(.gecko_configuration)
 *(.xo_configuration)
 *(.gatt_header)
 .gatt_header   0x0000000000009134       0x34 ./gatt_db.o
                0x0000000000009134                bg_gattdb_data
 *(.gatt_data)
 .gatt_data     0x0000000000009168      0x106 ./gatt_db.o
                0x0000000000009168                bg_gattdb_data_adv_uuid128_map
                0x000000000000916c                bg_gattdb_data_adv_uuid16_map
                0x0000000000009170                bg_gattdb_data_attributes_dynamic_mapping_map
                0x0000000000009174                bg_gattdb_data_attributes_map
                0x0000000000009204                bg_gattdb_data_attribute_field_0
                0x0000000000009208                bg_gattdb_data_attribute_field_1
                0x0000000000009210                bg_gattdb_data_attribute_field_2
                0x0000000000009218                bg_gattdb_data_attribute_field_4
                0x000000000000921c                bg_gattdb_data_attribute_field_5
                0x0000000000009224                bg_gattdb_data_attribute_field_6
                0x000000000000922c                bg_gattdb_data_attribute_field_7
                0x0000000000009234                bg_gattdb_data_attribute_field_8
                0x0000000000009238                bg_gattdb_data_attribute_field_9
                0x000000000000923c                bg_gattdb_data_attribute_field_10
                0x0000000000009244                bg_gattdb_data_attribute_field_11
                0x0000000000009254                bg_gattdb_data_uuidtable_128_map
                0x0000000000009258                bg_gattdb_data_uuidtable_16_map
 *(.text*)
 *fill*         0x000000000000926e        0x2 
 .text          0x0000000000009270       0x40 /Applications/Simplicity Studio 2.app/Contents/Eclipse/developer/toolchains/gnu_arm/7.2_2017q4/bin/../lib/gcc/arm-none-eabi/7.2.1/thumb/v7e-m/fpv4-sp/softfp/crtbegin.o
 .text          0x00000000000092b0       0x74 /Applications/Simplicity Studio 2.app/Contents/Eclipse/developer/toolchains/gnu_arm/7.2_2017q4/bin/../lib/gcc/arm-none-eabi/7.2.1/../../../../arm-none-eabi/lib/thumb/v7e-m/fpv4-sp/softfp/crt0.o
                0x00000000000092b0                _mainCRTStartup
                0x00000000000092b0                _start
 .text.bcnSetupAdvBeaconing
                0x0000000000009324      0x104 ./Lab 3 - main.o
                0x0000000000009324                bcnSetupAdvBeaconing
 .text.startup.main
                0x0000000000009428      0x168 ./Lab 3 - main.o
                0x0000000000009428                main
 .text.initApp  0x0000000000009590       0x24 ./init_app.o
                0x0000000000009590                initApp
 .text.initBoard
                0x00000000000095b4       0x48 ./init_board.o
                0x00000000000095b4                initBoard
 .text.initMcu  0x00000000000095fc      0x104 ./init_mcu.o
                0x00000000000095fc                initMcu
 .text.configEnablePti
                0x0000000000009700       0x30 ./pti.o
                0x0000000000009700                configEnablePti
 .text.MX25_init
                0x0000000000009730       0xa4 ./hardware/kit/common/drivers/mx25flash_spi.o
                0x0000000000009730                MX25_init
 .text.MX25_DP  0x00000000000097d4       0x60 ./hardware/kit/common/drivers/mx25flash_spi.o
                0x00000000000097d4                MX25_DP
 .text.Default_Handler
                0x0000000000009834        0x4 ./platform/Device/SiliconLabs/EFR32BG13P/Source/GCC/startup_efr32bg13p.o
                0x0000000000009834                IDAC0_IRQHandler
                0x0000000000009834                USART0_TX_IRQHandler
                0x0000000000009834                I2C0_IRQHandler
                0x0000000000009834                HardFault_Handler
                0x0000000000009834                SysTick_Handler
                0x0000000000009834                USART1_RX_IRQHandler
                0x0000000000009834                PendSV_Handler
                0x0000000000009834                NMI_Handler
                0x0000000000009834                I2C1_IRQHandler
                0x0000000000009834                WTIMER0_IRQHandler
                0x0000000000009834                CRYPTO0_IRQHandler
                0x0000000000009834                WDOG0_IRQHandler
                0x0000000000009834                USART1_TX_IRQHandler
                0x0000000000009834                SMU_IRQHandler
                0x0000000000009834                MSC_IRQHandler
                0x0000000000009834                ADC0_IRQHandler
                0x0000000000009834                UsageFault_Handler
                0x0000000000009834                WDOG1_IRQHandler
                0x0000000000009834                LEUART0_IRQHandler
                0x0000000000009834                FPUEH_IRQHandler
                0x0000000000009834                GPIO_EVEN_IRQHandler
                0x0000000000009834                VDAC0_IRQHandler
                0x0000000000009834                LDMA_IRQHandler
                0x0000000000009834                CSEN_IRQHandler
                0x0000000000009834                CRYPTO1_IRQHandler
                0x0000000000009834                TIMER0_IRQHandler
                0x0000000000009834                LETIMER0_IRQHandler
                0x0000000000009834                TIMER1_IRQHandler
                0x0000000000009834                TRNG0_IRQHandler
                0x0000000000009834                USART2_RX_IRQHandler
                0x0000000000009834                Default_Handler
                0x0000000000009834                EMU_IRQHandler
                0x0000000000009834                CRYOTIMER_IRQHandler
                0x0000000000009834                PCNT0_IRQHandler
                0x0000000000009834                ACMP0_IRQHandler
                0x0000000000009834                USART0_RX_IRQHandler
                0x0000000000009834                MemManage_Handler
                0x0000000000009834                SVC_Handler
                0x0000000000009834                RTCC_IRQHandler
                0x0000000000009834                CMU_IRQHandler
                0x0000000000009834                GPIO_ODD_IRQHandler
                0x0000000000009834                LESENSE_IRQHandler
                0x0000000000009834                BusFault_Handler
                0x0000000000009834                USART2_TX_IRQHandler
                0x0000000000009834                DebugMon_Handler
 .text.Reset_Handler
                0x0000000000009838       0x2c ./platform/Device/SiliconLabs/EFR32BG13P/Source/GCC/startup_efr32bg13p.o
                0x0000000000009838                Reset_Handler
 .text.SystemMaxCoreClockGet
                0x0000000000009864        0x8 ./platform/Device/SiliconLabs/EFR32BG13P/Source/system_efr32bg13p.o
                0x0000000000009864                SystemMaxCoreClockGet
 .text.SystemHFClockGet
                0x000000000000986c       0x50 ./platform/Device/SiliconLabs/EFR32BG13P/Source/system_efr32bg13p.o
                0x000000000000986c                SystemHFClockGet
 .text.SystemCoreClockGet
                0x00000000000098bc       0x24 ./platform/Device/SiliconLabs/EFR32BG13P/Source/system_efr32bg13p.o
                0x00000000000098bc                SystemCoreClockGet
 .text.SystemHFXOClockGet
                0x00000000000098e0        0xc ./platform/Device/SiliconLabs/EFR32BG13P/Source/system_efr32bg13p.o
                0x00000000000098e0                SystemHFXOClockGet
 .text.SystemHFXOClockSet
                0x00000000000098ec       0x3c ./platform/Device/SiliconLabs/EFR32BG13P/Source/system_efr32bg13p.o
                0x00000000000098ec                SystemHFXOClockSet
 .text.SystemInit
                0x0000000000009928       0x14 ./platform/Device/SiliconLabs/EFR32BG13P/Source/system_efr32bg13p.o
                0x0000000000009928                SystemInit
 .text.SystemLFRCOClockGet
                0x000000000000993c        0x8 ./platform/Device/SiliconLabs/EFR32BG13P/Source/system_efr32bg13p.o
                0x000000000000993c                SystemLFRCOClockGet
 .text.SystemULFRCOClockGet
                0x0000000000009944        0x8 ./platform/Device/SiliconLabs/EFR32BG13P/Source/system_efr32bg13p.o
                0x0000000000009944                SystemULFRCOClockGet
 .text.SystemLFXOClockGet
                0x000000000000994c        0xc ./platform/Device/SiliconLabs/EFR32BG13P/Source/system_efr32bg13p.o
                0x000000000000994c                SystemLFXOClockGet
 .text.SystemLFXOClockSet
                0x0000000000009958       0x3c ./platform/Device/SiliconLabs/EFR32BG13P/Source/system_efr32bg13p.o
                0x0000000000009958                SystemLFXOClockSet
 .text.sleepCallbackWrapper
                0x0000000000009994       0x14 ./platform/emdrv/sleep/src/sleep.o
 .text.enterEMx
                0x00000000000099a8       0x54 ./platform/emdrv/sleep/src/sleep.o
 .text.SLEEP_Init
                0x00000000000099fc       0x40 ./platform/emdrv/sleep/src/sleep.o
                0x00000000000099fc                SLEEP_Init
 .text.SLEEP_Sleep
                0x0000000000009a3c       0x70 ./platform/emdrv/sleep/src/sleep.o
                0x0000000000009a3c                SLEEP_Sleep
 .text.SLEEP_SleepBlockBegin
                0x0000000000009aac       0x28 ./platform/emdrv/sleep/src/sleep.o
                0x0000000000009aac                SLEEP_SleepBlockBegin
 .text.SLEEP_SleepBlockEnd
                0x0000000000009ad4       0x2c ./platform/emdrv/sleep/src/sleep.o
                0x0000000000009ad4                SLEEP_SleepBlockEnd
 .text.SLEEP_LowestEnergyModeGet
                0x0000000000009b00       0x1c ./platform/emdrv/sleep/src/sleep.o
                0x0000000000009b00                SLEEP_LowestEnergyModeGet
 .text.flashWaitStateControl
                0x0000000000009b1c       0x5c ./platform/emlib/src/em_cmu.o
 .text.flashWaitStateMax
                0x0000000000009b78       0x24 ./platform/emlib/src/em_cmu.o
 .text.CMU_OscillatorTuningSet.part.2
                0x0000000000009b9c       0x3c ./platform/emlib/src/em_cmu.o
 .text.CMU_UpdateWaitStates
                0x0000000000009bd8       0x1c ./platform/emlib/src/em_cmu.o
                0x0000000000009bd8                CMU_UpdateWaitStates
 .text.CMU_ClockEnable
                0x0000000000009bf4       0x94 ./platform/emlib/src/em_cmu.o
                0x0000000000009bf4                CMU_ClockEnable
 .text.CMU_ClockSelectGet
                0x0000000000009c88       0xc4 ./platform/emlib/src/em_cmu.o
                0x0000000000009c88                CMU_ClockSelectGet
 .text.lfClkGet
                0x0000000000009d4c       0x94 ./platform/emlib/src/em_cmu.o
 .text.CMU_ClockFreqGet
                0x0000000000009de0      0x1a8 ./platform/emlib/src/em_cmu.o
                0x0000000000009de0                CMU_ClockFreqGet
 .text.CMU_HFXOAutostartEnable
                0x0000000000009f88       0xc4 ./platform/emlib/src/em_cmu.o
                0x0000000000009f88                CMU_HFXOAutostartEnable
 .text.CMU_HFXOInit
                0x000000000000a04c       0x84 ./platform/emlib/src/em_cmu.o
                0x000000000000a04c                CMU_HFXOInit
 .text.CMU_LFXOInit
                0x000000000000a0d0       0x50 ./platform/emlib/src/em_cmu.o
                0x000000000000a0d0                CMU_LFXOInit
 .text.CMU_OscillatorTuningWait
                0x000000000000a120       0x48 ./platform/emlib/src/em_cmu.o
                0x000000000000a120                CMU_OscillatorTuningWait
 .text.CMU_OscillatorEnable
                0x000000000000a168      0x110 ./platform/emlib/src/em_cmu.o
                0x000000000000a168                CMU_OscillatorEnable
 .text.CMU_ClockSelectSet
                0x000000000000a278      0x278 ./platform/emlib/src/em_cmu.o
                0x000000000000a278                CMU_ClockSelectSet
 .text.CORE_EnterCritical
                0x000000000000a4f0        0x8 ./platform/emlib/src/em_core.o
                0x000000000000a4f0                CORE_EnterCritical
 .text.CORE_ExitCritical
                0x000000000000a4f8        0x8 ./platform/emlib/src/em_core.o
                0x000000000000a4f8                CORE_ExitCritical
 .text.CORE_EnterAtomic
                0x000000000000a500        0x8 ./platform/emlib/src/em_core.o
                0x000000000000a500                CORE_EnterAtomic
 .text.CORE_ExitAtomic
                0x000000000000a508        0x4 ./platform/emlib/src/em_core.o
                0x000000000000a508                CORE_ExitAtomic
 .text.CORE_SetNvicRamTableHandler
                0x000000000000a50c       0x10 ./platform/emlib/src/em_core.o
                0x000000000000a50c                CORE_SetNvicRamTableHandler
 .text.CORE_InitNvicVectorTable
                0x000000000000a51c       0x44 ./platform/emlib/src/em_core.o
                0x000000000000a51c                CORE_InitNvicVectorTable
 .text.CRYPTO_ModulusSet
                0x000000000000a560       0x38 ./platform/emlib/src/em_crypto.o
                0x000000000000a560                CRYPTO_ModulusSet
 .text.CRYPTO_KeyRead
                0x000000000000a598       0x2c ./platform/emlib/src/em_crypto.o
                0x000000000000a598                CRYPTO_KeyRead
 .text.lpGetDevinfoVrefLowHigh
                0x000000000000a5c4       0xdc ./platform/emlib/src/em_emu.o
 .text.vScaleDownEM23Setup
                0x000000000000a6a0       0x30 ./platform/emlib/src/em_emu.o
 .text.vScaleAfterWakeup.part.1
                0x000000000000a6d0       0x20 ./platform/emlib/src/em_emu.o
 .text.lpCmpHystCalibrationLoad.isra.2
                0x000000000000a6f0       0x60 ./platform/emlib/src/em_emu.o
 .text.emState.part.3
                0x000000000000a750       0xc0 ./platform/emlib/src/em_emu.o
 .text.emState.constprop.5
                0x000000000000a810       0x50 ./platform/emlib/src/em_emu.o
 .text.EMU_EnterEM2
                0x000000000000a860       0x4c ./platform/emlib/src/em_emu.o
                0x000000000000a860                EMU_EnterEM2
 .text.EMU_EnterEM3
                0x000000000000a8ac       0x70 ./platform/emlib/src/em_emu.o
                0x000000000000a8ac                EMU_EnterEM3
 .text.EMU_Save
                0x000000000000a91c        0x4 ./platform/emlib/src/em_emu.o
                0x000000000000a91c                EMU_Save
 .text.EMU_Restore
                0x000000000000a920        0x4 ./platform/emlib/src/em_emu.o
                0x000000000000a920                EMU_Restore
 .text.EMU_EnterEM4
                0x000000000000a924       0x30 ./platform/emlib/src/em_emu.o
                0x000000000000a924                EMU_EnterEM4
 .text.EMU_VScaleEM01
                0x000000000000a954       0x78 ./platform/emlib/src/em_emu.o
                0x000000000000a954                EMU_VScaleEM01
 .text.EMU_VScaleEM01ByClock
                0x000000000000a9cc       0x50 ./platform/emlib/src/em_emu.o
                0x000000000000a9cc                EMU_VScaleEM01ByClock
 .text.EMU_EM01Init
                0x000000000000aa1c       0x14 ./platform/emlib/src/em_emu.o
                0x000000000000aa1c                EMU_EM01Init
 .text.EMU_EM23Init
                0x000000000000aa30       0x18 ./platform/emlib/src/em_emu.o
                0x000000000000aa30                EMU_EM23Init
 .text.EMU_DCDCModeSet
                0x000000000000aa48       0x84 ./platform/emlib/src/em_emu.o
                0x000000000000aa48                EMU_DCDCModeSet
 .text.EMU_DCDCOutputVoltageSet
                0x000000000000aacc      0x16c ./platform/emlib/src/em_emu.o
                0x000000000000aacc                EMU_DCDCOutputVoltageSet
 .text.EMU_DCDCOptimizeSlice
                0x000000000000ac38       0xf8 ./platform/emlib/src/em_emu.o
                0x000000000000ac38                EMU_DCDCOptimizeSlice
 .text.EMU_DCDCInit
                0x000000000000ad30      0x10c ./platform/emlib/src/em_emu.o
                0x000000000000ad30                EMU_DCDCInit
 .text.EMU_DCDCLnRcoBandSet
                0x000000000000ae3c       0x24 ./platform/emlib/src/em_emu.o
                0x000000000000ae3c                EMU_DCDCLnRcoBandSet
 .text.GPIO_PinModeSet
                0x000000000000ae60       0x94 ./platform/emlib/src/em_gpio.o
                0x000000000000ae60                GPIO_PinModeSet
 .text.MSC_Init
                0x000000000000aef4       0x20 ./platform/emlib/src/em_msc.o
                0x000000000000aef4                MSC_Init
 .text.MSC_Deinit
                0x000000000000af14       0x14 ./platform/emlib/src/em_msc.o
                0x000000000000af14                MSC_Deinit
 .text.RMU_ResetCauseClear
                0x000000000000af28        0xc ./platform/emlib/src/em_rmu.o
                0x000000000000af28                RMU_ResetCauseClear
 .text.RMU_ResetCauseGet
                0x000000000000af34       0x60 ./platform/emlib/src/em_rmu.o
                0x000000000000af34                RMU_ResetCauseGet
 .text.RTCC_Init
                0x000000000000af94       0x64 ./platform/emlib/src/em_rtcc.o
                0x000000000000af94                RTCC_Init
 .text.SYSTEM_ChipRevisionGet
                0x000000000000aff8       0x34 ./platform/emlib/src/em_system.o
                0x000000000000aff8                SYSTEM_ChipRevisionGet
 .text.USART_InitSync
                0x000000000000b02c       0xdc ./platform/emlib/src/em_usart.o
                0x000000000000b02c                USART_InitSync
 .text.USART_Reset
                0x000000000000b108       0x58 ./platform/emlib/src/em_usart.o
                0x000000000000b108                USART_Reset
 .text.USART_SpiTransfer
                0x000000000000b160       0x14 ./platform/emlib/src/em_usart.o
                0x000000000000b160                USART_SpiTransfer
 .text.RAIL_ConfigPti
                0x000000000000b174        0x6 /Users/clfilho/SimplicityStudio/BLE/MultibeaconBG13/platform/radio/rail_lib/autogen/librail_release/librail_efr32xg13_gcc_release.a(rail_pti.o)
                0x000000000000b174                RAIL_ConfigPti
 .text.RAIL_EnablePti
                0x000000000000b17a        0x6 /Users/clfilho/SimplicityStudio/BLE/MultibeaconBG13/platform/radio/rail_lib/autogen/librail_release/librail_efr32xg13_gcc_release.a(rail_pti.o)
                0x000000000000b17a                RAIL_EnablePti
 .text.eventDefault
                0x000000000000b180        0x2 /Users/clfilho/SimplicityStudio/BLE/MultibeaconBG13/platform/radio/rail_lib/autogen/librail_release/librail_efr32xg13_gcc_release.a(rail_rf_hal.o)
 *fill*         0x000000000000b182        0x2 
 .text.RFHAL_NotifyUserOfIrCal
                0x000000000000b184       0x78 /Users/clfilho/SimplicityStudio/BLE/MultibeaconBG13/platform/radio/rail_lib/autogen/librail_release/librail_efr32xg13_gcc_release.a(rail_rf_hal.o)
 *fill*         0x000000000000b1fc        0x4 
 .text.GENERIC_PHY_EventCallback
                0x000000000000b200      0x194 /Users/clfilho/SimplicityStudio/BLE/MultibeaconBG13/platform/radio/rail_lib/autogen/librail_release/librail_efr32xg13_gcc_release.a(rail_rf_hal.o)
                0x000000000000b200                GENERIC_PHY_EventCallback
 .text.RFHAL_IntEnable
                0x000000000000b394       0x58 /Users/clfilho/SimplicityStudio/BLE/MultibeaconBG13/platform/radio/rail_lib/autogen/librail_release/librail_efr32xg13_gcc_release.a(rail_rf_hal.o)
                0x000000000000b394                RFHAL_IntEnable
 .text.RFHAL_SetEventCallback
                0x000000000000b3ec       0x18 /Users/clfilho/SimplicityStudio/BLE/MultibeaconBG13/platform/radio/rail_lib/autogen/librail_release/librail_efr32xg13_gcc_release.a(rail_rf_hal.o)
                0x000000000000b3ec                RFHAL_SetEventCallback
 .text.RFHAL_SetPtiProtocol
                0x000000000000b404       0x20 /Users/clfilho/SimplicityStudio/BLE/MultibeaconBG13/platform/radio/rail_lib/autogen/librail_release/librail_efr32xg13_gcc_release.a(rail_rf_hal.o)
                0x000000000000b404                RFHAL_SetPtiProtocol
 .text.RFHAL_Idle
                0x000000000000b424       0x2a /Users/clfilho/SimplicityStudio/BLE/MultibeaconBG13/platform/radio/rail_lib/autogen/librail_release/librail_efr32xg13_gcc_release.a(rail_rf_hal.o)
                0x000000000000b424                RFHAL_Idle
 *fill*         0x000000000000b44e        0x2 
 .text.RFHAL_GetRadioState
                0x000000000000b450       0x48 /Users/clfilho/SimplicityStudio/BLE/MultibeaconBG13/platform/radio/rail_lib/autogen/librail_release/librail_efr32xg13_gcc_release.a(rail_rf_hal.o)
                0x000000000000b450                RFHAL_GetRadioState
 .text.RFHAL_OkToTransmit
                0x000000000000b498       0x18 /Users/clfilho/SimplicityStudio/BLE/MultibeaconBG13/platform/radio/rail_lib/autogen/librail_release/librail_efr32xg13_gcc_release.a(rail_rf_hal.o)
                0x000000000000b498                RFHAL_OkToTransmit
 .text.RFHAL_ScheduleRx
                0x000000000000b4b0       0x5a /Users/clfilho/SimplicityStudio/BLE/MultibeaconBG13/platform/radio/rail_lib/autogen/librail_release/librail_efr32xg13_gcc_release.a(rail_rf_hal.o)
                0x000000000000b4b0                RFHAL_ScheduleRx
 *fill*         0x000000000000b50a        0x2 
 .text.RFHAL_EnableRxRawCapture
                0x000000000000b50c       0x58 /Users/clfilho/SimplicityStudio/BLE/MultibeaconBG13/platform/radio/rail_lib/autogen/librail_release/librail_efr32xg13_gcc_release.a(rail_rf_hal.o)
                0x000000000000b50c                RFHAL_EnableRxRawCapture
 .text.RFHAL_DisableRxRawCapture
                0x000000000000b564       0x50 /Users/clfilho/SimplicityStudio/BLE/MultibeaconBG13/platform/radio/rail_lib/autogen/librail_release/librail_efr32xg13_gcc_release.a(rail_rf_hal.o)
                0x000000000000b564                RFHAL_DisableRxRawCapture
 .text.RFHAL_AcceptCrcErrors
                0x000000000000b5b4       0x18 /Users/clfilho/SimplicityStudio/BLE/MultibeaconBG13/platform/radio/rail_lib/autogen/librail_release/librail_efr32xg13_gcc_release.a(rail_rf_hal.o)
                0x000000000000b5b4                RFHAL_AcceptCrcErrors
 .text.RFHAL_ConfigRxOptions
                0x000000000000b5cc      0x124 /Users/clfilho/SimplicityStudio/BLE/MultibeaconBG13/platform/radio/rail_lib/autogen/librail_release/librail_efr32xg13_gcc_release.a(rail_rf_hal.o)
                0x000000000000b5cc                RFHAL_ConfigRxOptions
 .text.RFHAL_GetTimer
                0x000000000000b6f0        0xc /Users/clfilho/SimplicityStudio/BLE/MultibeaconBG13/platform/radio/rail_lib/autogen/librail_release/librail_efr32xg13_gcc_release.a(rail_rf_hal.o)
                0x000000000000b6f0                RFHAL_GetTimer
 .text.RFHAL_CancelTimer
                0x000000000000b6fc       0x28 /Users/clfilho/SimplicityStudio/BLE/MultibeaconBG13/platform/radio/rail_lib/autogen/librail_release/librail_efr32xg13_gcc_release.a(rail_rf_hal.o)
                0x000000000000b6fc                RFHAL_CancelTimer
 .text.RFHAL_SetTimer
                0x000000000000b724       0x7c /Users/clfilho/SimplicityStudio/BLE/MultibeaconBG13/platform/radio/rail_lib/autogen/librail_release/librail_efr32xg13_gcc_release.a(rail_rf_hal.o)
                0x000000000000b724                RFHAL_SetTimer
 .text.RFHAL_IsTimerExpired
                0x000000000000b7a0       0x1c /Users/clfilho/SimplicityStudio/BLE/MultibeaconBG13/platform/radio/rail_lib/autogen/librail_release/librail_efr32xg13_gcc_release.a(rail_rf_hal.o)
                0x000000000000b7a0                RFHAL_IsTimerExpired
 .text.RFHAL_IsTimerRunning
                0x000000000000b7bc        0x6 /Users/clfilho/SimplicityStudio/BLE/MultibeaconBG13/platform/radio/rail_lib/autogen/librail_release/librail_efr32xg13_gcc_release.a(rail_rf_hal.o)
                0x000000000000b7bc                RFHAL_IsTimerRunning
 *fill*         0x000000000000b7c2        0x2 
 .text.RFHAL_CalcBitRate
                0x000000000000b7c4        0xc /Users/clfilho/SimplicityStudio/BLE/MultibeaconBG13/platform/radio/rail_lib/autogen/librail_release/librail_efr32xg13_gcc_release.a(rail_rf_hal.o)
                0x000000000000b7c4                RFHAL_CalcBitRate
 .text.RFHAL_GetBitRate
                0x000000000000b7d0       0x22 /Users/clfilho/SimplicityStudio/BLE/MultibeaconBG13/platform/radio/rail_lib/autogen/librail_release/librail_efr32xg13_gcc_release.a(rail_rf_hal.o)
                0x000000000000b7d0                RFHAL_GetBitRate
 *fill*         0x000000000000b7f2        0x2 
 .text.RFHAL_SetTxTransitions
                0x000000000000b7f4       0x1c /Users/clfilho/SimplicityStudio/BLE/MultibeaconBG13/platform/radio/rail_lib/autogen/librail_release/librail_efr32xg13_gcc_release.a(rail_rf_hal.o)
                0x000000000000b7f4                RFHAL_SetTxTransitions
 .text.RFHAL_SetRxTransitions
                0x000000000000b810       0x1c /Users/clfilho/SimplicityStudio/BLE/MultibeaconBG13/platform/radio/rail_lib/autogen/librail_release/librail_efr32xg13_gcc_release.a(rail_rf_hal.o)
                0x000000000000b810                RFHAL_SetRxTransitions
 .text.RFHAL_SetCRCInitVal
                0x000000000000b82c        0x4 /Users/clfilho/SimplicityStudio/BLE/MultibeaconBG13/platform/radio/rail_lib/autogen/librail_release/librail_efr32xg13_gcc_release.a(rail_rf_hal.o)
                0x000000000000b82c                RFHAL_SetCRCInitVal
 .text.RFHAL_ConfigTxPower
                0x000000000000b830        0xc /Users/clfilho/SimplicityStudio/BLE/MultibeaconBG13/platform/radio/rail_lib/autogen/librail_release/librail_efr32xg13_gcc_release.a(rail_rf_hal.o)
                0x000000000000b830                RFHAL_ConfigTxPower
 .text.RFHAL_SetTxPowerUnchecked
                0x000000000000b83c       0x18 /Users/clfilho/SimplicityStudio/BLE/MultibeaconBG13/platform/radio/rail_lib/autogen/librail_release/librail_efr32xg13_gcc_release.a(rail_rf_hal.o)
                0x000000000000b83c                RFHAL_SetTxPowerUnchecked
 .text.RFHAL_SetTxPower
                0x000000000000b854       0x40 /Users/clfilho/SimplicityStudio/BLE/MultibeaconBG13/platform/radio/rail_lib/autogen/librail_release/librail_efr32xg13_gcc_release.a(rail_rf_hal.o)
                0x000000000000b854                RFHAL_SetTxPower
 .text.RFHAL_GetTxPowerConfig
                0x000000000000b894        0xc /Users/clfilho/SimplicityStudio/BLE/MultibeaconBG13/platform/radio/rail_lib/autogen/librail_release/librail_efr32xg13_gcc_release.a(rail_rf_hal.o)
                0x000000000000b894                RFHAL_GetTxPowerConfig
 .text.RFHAL_GetTxPower
                0x000000000000b8a0        0x4 /Users/clfilho/SimplicityStudio/BLE/MultibeaconBG13/platform/radio/rail_lib/autogen/librail_release/librail_efr32xg13_gcc_release.a(rail_rf_hal.o)
                0x000000000000b8a0                RFHAL_GetTxPower
 .text.RFHAL_SetChannel
                0x000000000000b8a4       0xc4 /Users/clfilho/SimplicityStudio/BLE/MultibeaconBG13/platform/radio/rail_lib/autogen/librail_release/librail_efr32xg13_gcc_release.a(rail_rf_hal.o)
                0x000000000000b8a4                RFHAL_SetChannel
 .text.RFHAL_IsAutoAckEnabled
                0x000000000000b968        0x6 /Users/clfilho/SimplicityStudio/BLE/MultibeaconBG13/platform/radio/rail_lib/autogen/librail_release/librail_efr32xg13_gcc_release.a(rail_rf_hal.o)
                0x000000000000b968                RFHAL_IsAutoAckEnabled
 *fill*         0x000000000000b96e        0x2 
 .text.RFHAL_AutoAckWaitForAck
                0x000000000000b970       0x18 /Users/clfilho/SimplicityStudio/BLE/MultibeaconBG13/platform/radio/rail_lib/autogen/librail_release/librail_efr32xg13_gcc_release.a(rail_rf_hal.o)
                0x000000000000b970                RFHAL_AutoAckWaitForAck
 .text.preTxOps
                0x000000000000b988       0xf4 /Users/clfilho/SimplicityStudio/BLE/MultibeaconBG13/platform/radio/rail_lib/autogen/librail_release/librail_efr32xg13_gcc_release.a(rail_rf_hal.o)
 .text.RFHAL_StartTx
                0x000000000000ba7c       0x12 /Users/clfilho/SimplicityStudio/BLE/MultibeaconBG13/platform/radio/rail_lib/autogen/librail_release/librail_efr32xg13_gcc_release.a(rail_rf_hal.o)
                0x000000000000ba7c                RFHAL_StartTx
 .text.RFHAL_StartScheduledTx
                0x000000000000ba8e       0x3c /Users/clfilho/SimplicityStudio/BLE/MultibeaconBG13/platform/radio/rail_lib/autogen/librail_release/librail_efr32xg13_gcc_release.a(rail_rf_hal.o)
                0x000000000000ba8e                RFHAL_StartScheduledTx
 *fill*         0x000000000000baca        0x2 
 .text.RFHAL_GetRxPacketInfo
                0x000000000000bacc       0x48 /Users/clfilho/SimplicityStudio/BLE/MultibeaconBG13/platform/radio/rail_lib/autogen/librail_release/librail_efr32xg13_gcc_release.a(rail_rf_hal.o)
                0x000000000000bacc                RFHAL_GetRxPacketInfo
 .text.RFHAL_GetRxPacketDetailsAlt
                0x000000000000bb14       0x98 /Users/clfilho/SimplicityStudio/BLE/MultibeaconBG13/platform/radio/rail_lib/autogen/librail_release/librail_efr32xg13_gcc_release.a(rail_rf_hal.o)
                0x000000000000bb14                RFHAL_GetRxPacketDetailsAlt
 .text.RFHAL_GetRxPacketDetails
                0x000000000000bbac       0x22 /Users/clfilho/SimplicityStudio/BLE/MultibeaconBG13/platform/radio/rail_lib/autogen/librail_release/librail_efr32xg13_gcc_release.a(rail_rf_hal.o)
                0x000000000000bbac                RFHAL_GetRxPacketDetails
 .text.RFHAL_SetTxBuffer
                0x000000000000bbce       0x34 /Users/clfilho/SimplicityStudio/BLE/MultibeaconBG13/platform/radio/rail_lib/autogen/librail_release/librail_efr32xg13_gcc_release.a(rail_rf_hal.o)
                0x000000000000bbce                RFHAL_SetTxBuffer
 .text.RFHAL_SetRxBuffer
                0x000000000000bc02       0x2c /Users/clfilho/SimplicityStudio/BLE/MultibeaconBG13/platform/radio/rail_lib/autogen/librail_release/librail_efr32xg13_gcc_release.a(rail_rf_hal.o)
                0x000000000000bc02                RFHAL_SetRxBuffer
 *fill*         0x000000000000bc2e        0x2 
 .text.RFHAL_ResetTxFifo
                0x000000000000bc30       0x2c /Users/clfilho/SimplicityStudio/BLE/MultibeaconBG13/platform/radio/rail_lib/autogen/librail_release/librail_efr32xg13_gcc_release.a(rail_rf_hal.o)
                0x000000000000bc30                RFHAL_ResetTxFifo
 .text.RFHAL_WriteTxFifo
                0x000000000000bc5c       0x4c /Users/clfilho/SimplicityStudio/BLE/MultibeaconBG13/platform/radio/rail_lib/autogen/librail_release/librail_efr32xg13_gcc_release.a(rail_rf_hal.o)
                0x000000000000bc5c                RFHAL_WriteTxFifo
 .text.RFHAL_ResetRxFifo
                0x000000000000bca8       0x40 /Users/clfilho/SimplicityStudio/BLE/MultibeaconBG13/platform/radio/rail_lib/autogen/librail_release/librail_efr32xg13_gcc_release.a(rail_rf_hal.o)
                0x000000000000bca8                RFHAL_ResetRxFifo
 .text.RFHAL_ConfigData
                0x000000000000bce8       0x7c /Users/clfilho/SimplicityStudio/BLE/MultibeaconBG13/platform/radio/rail_lib/autogen/librail_release/librail_efr32xg13_gcc_release.a(rail_rf_hal.o)
                0x000000000000bce8                RFHAL_ConfigData
 .text.RFHAL_SetAbortScheduledTxDuringRx
                0x000000000000bd64       0x18 /Users/clfilho/SimplicityStudio/BLE/MultibeaconBG13/platform/radio/rail_lib/autogen/librail_release/librail_efr32xg13_gcc_release.a(rail_rf_hal.o)
                0x000000000000bd64                RFHAL_SetAbortScheduledTxDuringRx
 .text.RFHAL_ConfigRadio
                0x000000000000bd7c       0xac /Users/clfilho/SimplicityStudio/BLE/MultibeaconBG13/platform/radio/rail_lib/autogen/librail_release/librail_efr32xg13_gcc_release.a(rail_rf_hal.o)
                0x000000000000bd7c                RFHAL_ConfigRadio
 .text.RFHAL_ConfigFrameTypeLength
                0x000000000000be28       0x70 /Users/clfilho/SimplicityStudio/BLE/MultibeaconBG13/platform/radio/rail_lib/autogen/librail_release/librail_efr32xg13_gcc_release.a(rail_rf_hal.o)
                0x000000000000be28                RFHAL_ConfigFrameTypeLength
 .text.RFHAL_GetTime
                0x000000000000be98        0x4 /Users/clfilho/SimplicityStudio/BLE/MultibeaconBG13/platform/radio/rail_lib/autogen/librail_release/librail_efr32xg13_gcc_release.a(rail_rf_hal.o)
                0x000000000000be98                RFHAL_GetTime
 .text.RFHAL_ResetAddressFilter
                0x000000000000be9c       0x10 /Users/clfilho/SimplicityStudio/BLE/MultibeaconBG13/platform/radio/rail_lib/autogen/librail_release/librail_efr32xg13_gcc_release.a(rail_rf_hal.o)
                0x000000000000be9c                RFHAL_ResetAddressFilter
 .text.RFHAL_Init
                0x000000000000beac       0xa8 /Users/clfilho/SimplicityStudio/BLE/MultibeaconBG13/platform/radio/rail_lib/autogen/librail_release/librail_efr32xg13_gcc_release.a(rail_rf_hal.o)
                0x000000000000beac                RFHAL_Init
 .text.RFHAL_GetRadioEntropy
                0x000000000000bf54        0x4 /Users/clfilho/SimplicityStudio/BLE/MultibeaconBG13/platform/radio/rail_lib/autogen/librail_release/librail_efr32xg13_gcc_release.a(rail_rf_hal.o)
                0x000000000000bf54                RFHAL_GetRadioEntropy
 .text.RFHAL_SetStateTiming
                0x000000000000bf58       0x56 /Users/clfilho/SimplicityStudio/BLE/MultibeaconBG13/platform/radio/rail_lib/autogen/librail_release/librail_efr32xg13_gcc_release.a(rail_rf_hal.o)
                0x000000000000bf58                RFHAL_SetStateTiming
 .text.RFHAL_ConfigPti
                0x000000000000bfae        0x4 /Users/clfilho/SimplicityStudio/BLE/MultibeaconBG13/platform/radio/rail_lib/autogen/librail_release/librail_efr32xg13_gcc_release.a(rail_rf_hal.o)
                0x000000000000bfae                RFHAL_ConfigPti
 .text.RFHAL_EnablePti
                0x000000000000bfb2        0x4 /Users/clfilho/SimplicityStudio/BLE/MultibeaconBG13/platform/radio/rail_lib/autogen/librail_release/librail_efr32xg13_gcc_release.a(rail_rf_hal.o)
                0x000000000000bfb2                RFHAL_EnablePti
 .text.RFHAL_IEEE802154IsEnabled
                0x000000000000bfb6        0x6 /Users/clfilho/SimplicityStudio/BLE/MultibeaconBG13/platform/radio/rail_lib/autogen/librail_release/librail_efr32xg13_gcc_release.a(rail_ieee802154_rf_hal.o)
                0x000000000000bfb6                RFHAL_IEEE802154IsEnabled
 .text.RFHAL_ConfigBle2MbpsViterbi
                0x000000000000bfbc       0x28 /Users/clfilho/SimplicityStudio/BLE/MultibeaconBG13/platform/radio/rail_lib/autogen/librail_release/librail_efr32xg13_gcc_release.a(rail_ble_rf_hal.o)
                0x000000000000bfbc                RFHAL_ConfigBle2MbpsViterbi
 .text.RFHAL_ConfigBle1MbpsViterbi
                0x000000000000bfe4       0x28 /Users/clfilho/SimplicityStudio/BLE/MultibeaconBG13/platform/radio/rail_lib/autogen/librail_release/librail_efr32xg13_gcc_release.a(rail_ble_rf_hal.o)
                0x000000000000bfe4                RFHAL_ConfigBle1MbpsViterbi
 .text.RFHAL_ConfigBleCoded
                0x000000000000c00c       0x34 /Users/clfilho/SimplicityStudio/BLE/MultibeaconBG13/platform/radio/rail_lib/autogen/librail_release/librail_efr32xg13_gcc_release.a(rail_ble_rf_hal.o)
                0x000000000000c00c                RFHAL_ConfigBleCoded
 .text.RFHAL_BleReinit
                0x000000000000c040       0x1c /Users/clfilho/SimplicityStudio/BLE/MultibeaconBG13/platform/radio/rail_lib/autogen/librail_release/librail_efr32xg13_gcc_release.a(rail_ble_rf_hal.o)
                0x000000000000c040                RFHAL_BleReinit
 .text.RFHAL_BleInit
                0x000000000000c05c       0x12 /Users/clfilho/SimplicityStudio/BLE/MultibeaconBG13/platform/radio/rail_lib/autogen/librail_release/librail_efr32xg13_gcc_release.a(rail_ble_rf_hal.o)
                0x000000000000c05c                RFHAL_BleInit
 *fill*         0x000000000000c06e        0x2 
 .text.RFHAL_IsBleLongRangeEnabled
                0x000000000000c070       0x18 /Users/clfilho/SimplicityStudio/BLE/MultibeaconBG13/platform/radio/rail_lib/autogen/librail_release/librail_efr32xg13_gcc_release.a(rail_ble_rf_hal.o)
                0x000000000000c070                RFHAL_IsBleLongRangeEnabled
 .text.RFHAL_BLEPreambleSyncWordSet
                0x000000000000c088       0x44 /Users/clfilho/SimplicityStudio/BLE/MultibeaconBG13/platform/radio/rail_lib/autogen/librail_release/librail_efr32xg13_gcc_release.a(rail_ble_rf_hal.o)
                0x000000000000c088                RFHAL_BLEPreambleSyncWordSet
 .text.RFHAL_BLEWhiteningSet
                0x000000000000c0cc       0x68 /Users/clfilho/SimplicityStudio/BLE/MultibeaconBG13/platform/radio/rail_lib/autogen/librail_release/librail_efr32xg13_gcc_release.a(rail_ble_rf_hal.o)
                0x000000000000c0cc                RFHAL_BLEWhiteningSet
 .text.setMultiTimer
                0x000000000000c134        0x4 /Users/clfilho/SimplicityStudio/BLE/MultibeaconBG13/platform/radio/rail_lib/autogen/librail_release/librail_efr32xg13_gcc_release.a(rail_singleprotocol.o)
 .text.cancelMultiTimer
                0x000000000000c138        0x4 /Users/clfilho/SimplicityStudio/BLE/MultibeaconBG13/platform/radio/rail_lib/autogen/librail_release/librail_efr32xg13_gcc_release.a(rail_singleprotocol.o)
 .text.isMultiTimerExpired
                0x000000000000c13c        0x4 /Users/clfilho/SimplicityStudio/BLE/MultibeaconBG13/platform/radio/rail_lib/autogen/librail_release/librail_efr32xg13_gcc_release.a(rail_singleprotocol.o)
 .text.getMultiTimer
                0x000000000000c140        0x4 /Users/clfilho/SimplicityStudio/BLE/MultibeaconBG13/platform/radio/rail_lib/autogen/librail_release/librail_efr32xg13_gcc_release.a(rail_singleprotocol.o)
 .text.getActiveTimerCb
                0x000000000000c144       0x18 /Users/clfilho/SimplicityStudio/BLE/MultibeaconBG13/platform/radio/rail_lib/autogen/librail_release/librail_efr32xg13_gcc_release.a(rail_singleprotocol.o)
 .text.isMultiTimerRunning
                0x000000000000c15c        0x4 /Users/clfilho/SimplicityStudio/BLE/MultibeaconBG13/platform/radio/rail_lib/autogen/librail_release/librail_efr32xg13_gcc_release.a(rail_singleprotocol.o)
 .text.RAIL_Init
                0x000000000000c160       0x20 /Users/clfilho/SimplicityStudio/BLE/MultibeaconBG13/platform/radio/rail_lib/autogen/librail_release/librail_efr32xg13_gcc_release.a(rail_singleprotocol.o)
                0x000000000000c160                RAIL_Init
 .text.RAIL_GetSchedulerStatus
                0x000000000000c180        0x4 /Users/clfilho/SimplicityStudio/BLE/MultibeaconBG13/platform/radio/rail_lib/autogen/librail_release/librail_efr32xg13_gcc_release.a(rail_singleprotocol.o)
                0x000000000000c180                RAIL_GetSchedulerStatus
 .text.RAIL_Idle
                0x000000000000c184        0x8 /Users/clfilho/SimplicityStudio/BLE/MultibeaconBG13/platform/radio/rail_lib/autogen/librail_release/librail_efr32xg13_gcc_release.a(rail_singleprotocol.o)
                0x000000000000c184                RAIL_Idle
 .text.RAIL_YieldRadio
                0x000000000000c18c        0x2 /Users/clfilho/SimplicityStudio/BLE/MultibeaconBG13/platform/radio/rail_lib/autogen/librail_release/librail_efr32xg13_gcc_release.a(rail_singleprotocol.o)
                0x000000000000c18c                RAIL_YieldRadio
 .text.RAIL_GetRadioEntropy
                0x000000000000c18e        0x8 /Users/clfilho/SimplicityStudio/BLE/MultibeaconBG13/platform/radio/rail_lib/autogen/librail_release/librail_efr32xg13_gcc_release.a(rail_singleprotocol.o)
                0x000000000000c18e                RAIL_GetRadioEntropy
 .text.RAIL_SetTimer
                0x000000000000c196       0x1c /Users/clfilho/SimplicityStudio/BLE/MultibeaconBG13/platform/radio/rail_lib/autogen/librail_release/librail_efr32xg13_gcc_release.a(rail_singleprotocol.o)
                0x000000000000c196                RAIL_SetTimer
 .text.RAIL_CancelTimer
                0x000000000000c1b2        0xe /Users/clfilho/SimplicityStudio/BLE/MultibeaconBG13/platform/radio/rail_lib/autogen/librail_release/librail_efr32xg13_gcc_release.a(rail_singleprotocol.o)
                0x000000000000c1b2                RAIL_CancelTimer
 .text.RAIL_StartTx
                0x000000000000c1c0        0x6 /Users/clfilho/SimplicityStudio/BLE/MultibeaconBG13/platform/radio/rail_lib/autogen/librail_release/librail_efr32xg13_gcc_release.a(rail_singleprotocol.o)
                0x000000000000c1c0                RAIL_StartTx
 .text.RAIL_StartScheduledTx
                0x000000000000c1c6        0x6 /Users/clfilho/SimplicityStudio/BLE/MultibeaconBG13/platform/radio/rail_lib/autogen/librail_release/librail_efr32xg13_gcc_release.a(rail_singleprotocol.o)
                0x000000000000c1c6                RAIL_StartScheduledTx
 .text.RAIL_ScheduleRx
                0x000000000000c1cc        0x6 /Users/clfilho/SimplicityStudio/BLE/MultibeaconBG13/platform/radio/rail_lib/autogen/librail_release/librail_efr32xg13_gcc_release.a(rail_singleprotocol.o)
                0x000000000000c1cc                RAIL_ScheduleRx
 .text.radioConfigChangedDefault
                0x000000000000c1d2        0x2 /Users/clfilho/SimplicityStudio/BLE/MultibeaconBG13/platform/radio/rail_lib/autogen/librail_release/librail_efr32xg13_gcc_release.a(rail_rf.o)
 .text.isTransitionState
                0x000000000000c1d4       0x12 /Users/clfilho/SimplicityStudio/BLE/MultibeaconBG13/platform/radio/rail_lib/autogen/librail_release/librail_efr32xg13_gcc_release.a(rail_rf.o)
 .text.RAILCore_Init
                0x000000000000c1e6       0x12 /Users/clfilho/SimplicityStudio/BLE/MultibeaconBG13/platform/radio/rail_lib/autogen/librail_release/librail_efr32xg13_gcc_release.a(rail_rf.o)
                0x000000000000c1e6                RAILCore_Init
 .text.RAILInt_SetCallbackConfig
                0x000000000000c1f8       0x20 /Users/clfilho/SimplicityStudio/BLE/MultibeaconBG13/platform/radio/rail_lib/autogen/librail_release/librail_efr32xg13_gcc_release.a(rail_rf.o)
                0x000000000000c1f8                RAILInt_SetCallbackConfig
 .text.RAILCore_Idle
                0x000000000000c218       0x14 /Users/clfilho/SimplicityStudio/BLE/MultibeaconBG13/platform/radio/rail_lib/autogen/librail_release/librail_efr32xg13_gcc_release.a(rail_rf.o)
                0x000000000000c218                RAILCore_Idle
 .text.RAILCb_CalcBitRate
                0x000000000000c22c        0x6 /Users/clfilho/SimplicityStudio/BLE/MultibeaconBG13/platform/radio/rail_lib/autogen/librail_release/librail_efr32xg13_gcc_release.a(rail_rf.o)
                0x000000000000c22c                RAILCb_CalcBitRate
 .text.RAIL_SetStateTiming
                0x000000000000c232        0x6 /Users/clfilho/SimplicityStudio/BLE/MultibeaconBG13/platform/radio/rail_lib/autogen/librail_release/librail_efr32xg13_gcc_release.a(rail_rf.o)
                0x000000000000c232                RAIL_SetStateTiming
 .text.RAILInt_IsPowerInRange
                0x000000000000c238       0x3c /Users/clfilho/SimplicityStudio/BLE/MultibeaconBG13/platform/radio/rail_lib/autogen/librail_release/librail_efr32xg13_gcc_release.a(rail_rf.o)
                0x000000000000c238                RAILInt_IsPowerInRange
 .text.RAILInt_SetChannel
                0x000000000000c274      0x1c0 /Users/clfilho/SimplicityStudio/BLE/MultibeaconBG13/platform/radio/rail_lib/autogen/librail_release/librail_efr32xg13_gcc_release.a(rail_rf.o)
                0x000000000000c274                RAILInt_SetChannel
 .text.RAILCore_ConfigChannels
                0x000000000000c434       0x60 /Users/clfilho/SimplicityStudio/BLE/MultibeaconBG13/platform/radio/rail_lib/autogen/librail_release/librail_efr32xg13_gcc_release.a(rail_rf.o)
                0x000000000000c434                RAILCore_ConfigChannels
 .text.RAILInt_GetChannel
                0x000000000000c494        0x4 /Users/clfilho/SimplicityStudio/BLE/MultibeaconBG13/platform/radio/rail_lib/autogen/librail_release/librail_efr32xg13_gcc_release.a(rail_rf.o)
                0x000000000000c494                RAILInt_GetChannel
 .text.RAILCore_SetTxTransitions
                0x000000000000c498       0x3c /Users/clfilho/SimplicityStudio/BLE/MultibeaconBG13/platform/radio/rail_lib/autogen/librail_release/librail_efr32xg13_gcc_release.a(rail_rf.o)
                0x000000000000c498                RAILCore_SetTxTransitions
 .text.RAIL_SetTxTransitions
                0x000000000000c4d4        0x6 /Users/clfilho/SimplicityStudio/BLE/MultibeaconBG13/platform/radio/rail_lib/autogen/librail_release/librail_efr32xg13_gcc_release.a(rail_rf.o)
                0x000000000000c4d4                RAIL_SetTxTransitions
 .text.RAILCore_SetRxTransitions
                0x000000000000c4da       0x38 /Users/clfilho/SimplicityStudio/BLE/MultibeaconBG13/platform/radio/rail_lib/autogen/librail_release/librail_efr32xg13_gcc_release.a(rail_rf.o)
                0x000000000000c4da                RAILCore_SetRxTransitions
 .text.RAIL_SetRxTransitions
                0x000000000000c512        0x6 /Users/clfilho/SimplicityStudio/BLE/MultibeaconBG13/platform/radio/rail_lib/autogen/librail_release/librail_efr32xg13_gcc_release.a(rail_rf.o)
                0x000000000000c512                RAIL_SetRxTransitions
 .text.RAIL_ConfigEvents
                0x000000000000c518        0x6 /Users/clfilho/SimplicityStudio/BLE/MultibeaconBG13/platform/radio/rail_lib/autogen/librail_release/librail_efr32xg13_gcc_release.a(rail_rf.o)
                0x000000000000c518                RAIL_ConfigEvents
 .text.RAIL_ConfigRxOptions
                0x000000000000c51e        0x6 /Users/clfilho/SimplicityStudio/BLE/MultibeaconBG13/platform/radio/rail_lib/autogen/librail_release/librail_efr32xg13_gcc_release.a(rail_rx.o)
                0x000000000000c51e                RAIL_ConfigRxOptions
 .text.RAILCore_ScheduleRx
                0x000000000000c524       0x2c /Users/clfilho/SimplicityStudio/BLE/MultibeaconBG13/platform/radio/rail_lib/autogen/librail_release/librail_efr32xg13_gcc_release.a(rail_rx.o)
                0x000000000000c524                RAILCore_ScheduleRx
 .text.RAILCb_ConfigFrameTypeLength
                0x000000000000c550        0x6 /Users/clfilho/SimplicityStudio/BLE/MultibeaconBG13/platform/radio/rail_lib/autogen/librail_release/librail_efr32xg13_gcc_release.a(rail_rx.o)
                0x000000000000c550                RAILCb_ConfigFrameTypeLength
 .text.RAIL_SetTxPower
                0x000000000000c556        0x6 /Users/clfilho/SimplicityStudio/BLE/MultibeaconBG13/platform/radio/rail_lib/autogen/librail_release/librail_efr32xg13_gcc_release.a(rail_tx.o)
                0x000000000000c556                RAIL_SetTxPower
 .text.RAIL_ConfigTxPower
                0x000000000000c55c       0x1c /Users/clfilho/SimplicityStudio/BLE/MultibeaconBG13/platform/radio/rail_lib/autogen/librail_release/librail_efr32xg13_gcc_release.a(rail_tx.o)
                0x000000000000c55c                RAIL_ConfigTxPower
 .text.RAILInt_PendCal
                0x000000000000c578       0x24 /Users/clfilho/SimplicityStudio/BLE/MultibeaconBG13/platform/radio/rail_lib/autogen/librail_release/librail_efr32xg13_gcc_release.a(rail_calibration.o)
                0x000000000000c578                RAILInt_PendCal
 .text.RAIL_WriteTxFifo
                0x000000000000c59c        0x6 /Users/clfilho/SimplicityStudio/BLE/MultibeaconBG13/platform/radio/rail_lib/autogen/librail_release/librail_efr32xg13_gcc_release.a(rail_data.o)
                0x000000000000c59c                RAIL_WriteTxFifo
 .text.RAIL_SetTxFifo
                0x000000000000c5a2        0x6 /Users/clfilho/SimplicityStudio/BLE/MultibeaconBG13/platform/radio/rail_lib/autogen/librail_release/librail_efr32xg13_gcc_release.a(rail_data.o)
                0x000000000000c5a2                RAIL_SetTxFifo
 .text.RAIL_SetRxFifo
                0x000000000000c5a8        0x6 /Users/clfilho/SimplicityStudio/BLE/MultibeaconBG13/platform/radio/rail_lib/autogen/librail_release/librail_efr32xg13_gcc_release.a(rail_data.o)
                0x000000000000c5a8                RAIL_SetRxFifo
 *fill*         0x000000000000c5ae        0x2 
 .text.RAILCb_SetupRxFifo
                0x000000000000c5b0       0x30 /Users/clfilho/SimplicityStudio/BLE/MultibeaconBG13/platform/radio/rail_lib/autogen/librail_release/librail_efr32xg13_gcc_release.a(rail_data.o)
                0x000000000000c5b0                RAILCb_SetupRxFifo
 .text.RAIL_GetRxPacketInfo
                0x000000000000c5e0        0x8 /Users/clfilho/SimplicityStudio/BLE/MultibeaconBG13/platform/radio/rail_lib/autogen/librail_release/librail_efr32xg13_gcc_release.a(rail_data.o)
                0x000000000000c5e0                RAIL_GetRxPacketInfo
 .text.RAIL_GetRxPacketDetails
                0x000000000000c5e8        0x6 /Users/clfilho/SimplicityStudio/BLE/MultibeaconBG13/platform/radio/rail_lib/autogen/librail_release/librail_efr32xg13_gcc_release.a(rail_data.o)
                0x000000000000c5e8                RAIL_GetRxPacketDetails
 .text.RAIL_ResetFifo
                0x000000000000c5ee       0x1e /Users/clfilho/SimplicityStudio/BLE/MultibeaconBG13/platform/radio/rail_lib/autogen/librail_release/librail_efr32xg13_gcc_release.a(rail_data.o)
                0x000000000000c5ee                RAIL_ResetFifo
 .text.RAILCb_AssertFailed
                0x000000000000c60c       0x14 /Users/clfilho/SimplicityStudio/BLE/MultibeaconBG13/platform/radio/rail_lib/autogen/librail_release/librail_efr32xg13_gcc_release.a(rail_assert.o)
                0x000000000000c60c                RAILCb_AssertFailed
 .text.RAILInt_Assert
                0x000000000000c620       0x1c /Users/clfilho/SimplicityStudio/BLE/MultibeaconBG13/platform/radio/rail_lib/autogen/librail_release/librail_efr32xg13_gcc_release.a(rail_assert.o)
                0x000000000000c620                RAILInt_Assert
 .text.RAIL_GetTime
                0x000000000000c63c        0x4 /Users/clfilho/SimplicityStudio/BLE/MultibeaconBG13/platform/radio/rail_lib/autogen/librail_release/librail_efr32xg13_gcc_release.a(rail_timer.o)
                0x000000000000c63c                RAIL_GetTime
 .text.checkAndAddRxLenOverflowEntry.part.0
                0x000000000000c640       0x2c /Users/clfilho/SimplicityStudio/BLE/MultibeaconBG13/platform/radio/rail_lib/autogen/librail_release/librail_efr32xg13_gcc_release.a(bufc.o)
 .text.BUFC_ReadHelper
                0x000000000000c66c       0x7a /Users/clfilho/SimplicityStudio/BLE/MultibeaconBG13/platform/radio/rail_lib/autogen/librail_release/librail_efr32xg13_gcc_release.a(bufc.o)
 *fill*         0x000000000000c6e6        0x2 
 .text.BUFC_SetTxBuffer
                0x000000000000c6e8       0x38 /Users/clfilho/SimplicityStudio/BLE/MultibeaconBG13/platform/radio/rail_lib/autogen/librail_release/librail_efr32xg13_gcc_release.a(bufc.o)
                0x000000000000c6e8                BUFC_SetTxBuffer
 .text.BUFC_SetRxBuffer
                0x000000000000c720       0x1c /Users/clfilho/SimplicityStudio/BLE/MultibeaconBG13/platform/radio/rail_lib/autogen/librail_release/librail_efr32xg13_gcc_release.a(bufc.o)
                0x000000000000c720                BUFC_SetRxBuffer
 .text.BUFC_WriteBuffer
                0x000000000000c73c       0xb0 /Users/clfilho/SimplicityStudio/BLE/MultibeaconBG13/platform/radio/rail_lib/autogen/librail_release/librail_efr32xg13_gcc_release.a(bufc.o)
                0x000000000000c73c                BUFC_WriteBuffer
 .text.BUFC_Peek
                0x000000000000c7ec       0x12 /Users/clfilho/SimplicityStudio/BLE/MultibeaconBG13/platform/radio/rail_lib/autogen/librail_release/librail_efr32xg13_gcc_release.a(bufc.o)
                0x000000000000c7ec                BUFC_Peek
 .text.BUFC_PeekByte
                0x000000000000c7fe       0x46 /Users/clfilho/SimplicityStudio/BLE/MultibeaconBG13/platform/radio/rail_lib/autogen/librail_release/librail_efr32xg13_gcc_release.a(bufc.o)
                0x000000000000c7fe                BUFC_PeekByte
 .text.BUFC_GetSpaceAvailable
                0x000000000000c844       0x24 /Users/clfilho/SimplicityStudio/BLE/MultibeaconBG13/platform/radio/rail_lib/autogen/librail_release/librail_efr32xg13_gcc_release.a(bufc.o)
                0x000000000000c844                BUFC_GetSpaceAvailable
 .text.BUFC_GetBytesAvailable
                0x000000000000c868       0x14 /Users/clfilho/SimplicityStudio/BLE/MultibeaconBG13/platform/radio/rail_lib/autogen/librail_release/librail_efr32xg13_gcc_release.a(bufc.o)
                0x000000000000c868                BUFC_GetBytesAvailable
 .text.BUFC_TxAckBufferSet
                0x000000000000c87c       0x2c /Users/clfilho/SimplicityStudio/BLE/MultibeaconBG13/platform/radio/rail_lib/autogen/librail_release/librail_efr32xg13_gcc_release.a(bufc.o)
                0x000000000000c87c                BUFC_TxAckBufferSet
 .text.BUFC_RxBufferReset
                0x000000000000c8a8       0x5c /Users/clfilho/SimplicityStudio/BLE/MultibeaconBG13/platform/radio/rail_lib/autogen/librail_release/librail_efr32xg13_gcc_release.a(bufc.o)
                0x000000000000c8a8                BUFC_RxBufferReset
 .text.BUFC_Init
                0x000000000000c904       0x50 /Users/clfilho/SimplicityStudio/BLE/MultibeaconBG13/platform/radio/rail_lib/autogen/librail_release/librail_efr32xg13_gcc_release.a(bufc.o)
                0x000000000000c904                BUFC_Init
 .text.BUFC_ReleaseRxPacket
                0x000000000000c954      0x118 /Users/clfilho/SimplicityStudio/BLE/MultibeaconBG13/platform/radio/rail_lib/autogen/librail_release/librail_efr32xg13_gcc_release.a(bufc.o)
                0x000000000000c954                BUFC_ReleaseRxPacket
 .text.BUFC_StartRxLenThrEvent
                0x000000000000ca6c       0x50 /Users/clfilho/SimplicityStudio/BLE/MultibeaconBG13/platform/radio/rail_lib/autogen/librail_release/librail_efr32xg13_gcc_release.a(bufc.o)
                0x000000000000ca6c                BUFC_StartRxLenThrEvent
 .text.BUFC_EndRxLenThrEvent
                0x000000000000cabc       0x1c /Users/clfilho/SimplicityStudio/BLE/MultibeaconBG13/platform/radio/rail_lib/autogen/librail_release/librail_efr32xg13_gcc_release.a(bufc.o)
                0x000000000000cabc                BUFC_EndRxLenThrEvent
 .text.BUFC_HandleRxLenOvfEvent
                0x000000000000cad8       0x30 /Users/clfilho/SimplicityStudio/BLE/MultibeaconBG13/platform/radio/rail_lib/autogen/librail_release/librail_efr32xg13_gcc_release.a(bufc.o)
                0x000000000000cad8                BUFC_HandleRxLenOvfEvent
 .text.BUFC_GetRxPacketInfo
                0x000000000000cb08      0x168 /Users/clfilho/SimplicityStudio/BLE/MultibeaconBG13/platform/radio/rail_lib/autogen/librail_release/librail_efr32xg13_gcc_release.a(bufc.o)
                0x000000000000cb08                BUFC_GetRxPacketInfo
 .text.IRCAL_Set
                0x000000000000cc70       0x1c /Users/clfilho/SimplicityStudio/BLE/MultibeaconBG13/platform/radio/rail_lib/autogen/librail_release/librail_efr32xg13_gcc_release.a(ir_cal.o)
                0x000000000000cc70                IRCAL_Set
 .text.getRampTimeFromLevelAndRate
                0x000000000000cc8c       0x20 /Users/clfilho/SimplicityStudio/BLE/MultibeaconBG13/platform/radio/rail_lib/autogen/librail_release/librail_efr32xg13_gcc_release.a(pa.o)
 .text.PA_ProtectPa
                0x000000000000ccac       0xa0 /Users/clfilho/SimplicityStudio/BLE/MultibeaconBG13/platform/radio/rail_lib/autogen/librail_release/librail_efr32xg13_gcc_release.a(pa.o)
 .text.PA_GetTxPowerConfig
                0x000000000000cd4c       0x14 /Users/clfilho/SimplicityStudio/BLE/MultibeaconBG13/platform/radio/rail_lib/autogen/librail_release/librail_efr32xg13_gcc_release.a(pa.o)
                0x000000000000cd4c                PA_GetTxPowerConfig
 .text.PA_GetPowerLevel
                0x000000000000cd60        0xc /Users/clfilho/SimplicityStudio/BLE/MultibeaconBG13/platform/radio/rail_lib/autogen/librail_release/librail_efr32xg13_gcc_release.a(pa.o)
                0x000000000000cd60                PA_GetPowerLevel
 .text.PA_SetPowerLevel
                0x000000000000cd6c      0x178 /Users/clfilho/SimplicityStudio/BLE/MultibeaconBG13/platform/radio/rail_lib/autogen/librail_release/librail_efr32xg13_gcc_release.a(pa.o)
                0x000000000000cd6c                PA_SetPowerLevel
 .text.PA_RunPeakDetectorHigh
                0x000000000000cee4       0x40 /Users/clfilho/SimplicityStudio/BLE/MultibeaconBG13/platform/radio/rail_lib/autogen/librail_release/librail_efr32xg13_gcc_release.a(pa.o)
                0x000000000000cee4                PA_RunPeakDetectorHigh
 .text.PA_RunPeakDetectorLow
                0x000000000000cf24        0x2 /Users/clfilho/SimplicityStudio/BLE/MultibeaconBG13/platform/radio/rail_lib/autogen/librail_release/librail_efr32xg13_gcc_release.a(pa.o)
                0x000000000000cf24                PA_RunPeakDetectorLow
 *fill*         0x000000000000cf26        0x2 
 .text.PA_RunBatHigh
                0x000000000000cf28       0x2c /Users/clfilho/SimplicityStudio/BLE/MultibeaconBG13/platform/radio/rail_lib/autogen/librail_release/librail_efr32xg13_gcc_release.a(pa.o)
                0x000000000000cf28                PA_RunBatHigh
 .text.PA_GetRampTime
                0x000000000000cf54        0xc /Users/clfilho/SimplicityStudio/BLE/MultibeaconBG13/platform/radio/rail_lib/autogen/librail_release/librail_efr32xg13_gcc_release.a(pa.o)
                0x000000000000cf54                PA_GetRampTime
 .text.PA_CalcRampTime
                0x000000000000cf60       0x3c /Users/clfilho/SimplicityStudio/BLE/MultibeaconBG13/platform/radio/rail_lib/autogen/librail_release/librail_efr32xg13_gcc_release.a(pa.o)
                0x000000000000cf60                PA_CalcRampTime
 .text.PA_SetRampTime
                0x000000000000cf9c      0x100 /Users/clfilho/SimplicityStudio/BLE/MultibeaconBG13/platform/radio/rail_lib/autogen/librail_release/librail_efr32xg13_gcc_release.a(pa.o)
                0x000000000000cf9c                PA_SetRampTime
 .text.PA_SetCTune
                0x000000000000d09c       0x34 /Users/clfilho/SimplicityStudio/BLE/MultibeaconBG13/platform/radio/rail_lib/autogen/librail_release/librail_efr32xg13_gcc_release.a(pa.o)
                0x000000000000d09c                PA_SetCTune
 .text.PA_SelectBand
                0x000000000000d0d0       0x38 /Users/clfilho/SimplicityStudio/BLE/MultibeaconBG13/platform/radio/rail_lib/autogen/librail_release/librail_efr32xg13_gcc_release.a(pa.o)
                0x000000000000d0d0                PA_SelectBand
 .text.PA_Config
                0x000000000000d108      0x114 /Users/clfilho/SimplicityStudio/BLE/MultibeaconBG13/platform/radio/rail_lib/autogen/librail_release/librail_efr32xg13_gcc_release.a(pa.o)
                0x000000000000d108                PA_Config
 .text.PA_UpdateConfig
                0x000000000000d21c       0x38 /Users/clfilho/SimplicityStudio/BLE/MultibeaconBG13/platform/radio/rail_lib/autogen/librail_release/librail_efr32xg13_gcc_release.a(pa.o)
                0x000000000000d21c                PA_UpdateConfig
 .text.PROTIMER_Init
                0x000000000000d254       0xe4 /Users/clfilho/SimplicityStudio/BLE/MultibeaconBG13/platform/radio/rail_lib/autogen/librail_release/librail_efr32xg13_gcc_release.a(protimer.o)
                0x000000000000d254                PROTIMER_Init
 .text.PROTIMER_Start
                0x000000000000d338       0x1c /Users/clfilho/SimplicityStudio/BLE/MultibeaconBG13/platform/radio/rail_lib/autogen/librail_release/librail_efr32xg13_gcc_release.a(protimer.o)
                0x000000000000d338                PROTIMER_Start
 .text.PROTIMER_ElapsedTime
                0x000000000000d354       0x40 /Users/clfilho/SimplicityStudio/BLE/MultibeaconBG13/platform/radio/rail_lib/autogen/librail_release/librail_efr32xg13_gcc_release.a(protimer.o)
                0x000000000000d354                PROTIMER_ElapsedTime
 .text.PROTIMER_CCTimerStop
                0x000000000000d394       0x20 /Users/clfilho/SimplicityStudio/BLE/MultibeaconBG13/platform/radio/rail_lib/autogen/librail_release/librail_efr32xg13_gcc_release.a(protimer.o)
                0x000000000000d394                PROTIMER_CCTimerStop
 .text.PROTIMER_CCTimerIsEnabled
                0x000000000000d3b4       0x14 /Users/clfilho/SimplicityStudio/BLE/MultibeaconBG13/platform/radio/rail_lib/autogen/librail_release/librail_efr32xg13_gcc_release.a(protimer.o)
                0x000000000000d3b4                PROTIMER_CCTimerIsEnabled
 .text.PROTIMER_CCTimerCapture
                0x000000000000d3c8       0x18 /Users/clfilho/SimplicityStudio/BLE/MultibeaconBG13/platform/radio/rail_lib/autogen/librail_release/librail_efr32xg13_gcc_release.a(protimer.o)
                0x000000000000d3c8                PROTIMER_CCTimerCapture
 .text.PROTIMER_ClearRxEnable
                0x000000000000d3e0       0x10 /Users/clfilho/SimplicityStudio/BLE/MultibeaconBG13/platform/radio/rail_lib/autogen/librail_release/librail_efr32xg13_gcc_release.a(protimer.o)
                0x000000000000d3e0                PROTIMER_ClearRxEnable
 .text.PROTIMER_GetTime
                0x000000000000d3f0       0x38 /Users/clfilho/SimplicityStudio/BLE/MultibeaconBG13/platform/radio/rail_lib/autogen/librail_release/librail_efr32xg13_gcc_release.a(protimer.o)
                0x000000000000d3f0                PROTIMER_GetTime
 .text.PROTIMER_GetCCTime
                0x000000000000d428       0x44 /Users/clfilho/SimplicityStudio/BLE/MultibeaconBG13/platform/radio/rail_lib/autogen/librail_release/librail_efr32xg13_gcc_release.a(protimer.o)
                0x000000000000d428                PROTIMER_GetCCTime
 .text.PROTIMER_LBTStop
                0x000000000000d46c       0x18 /Users/clfilho/SimplicityStudio/BLE/MultibeaconBG13/platform/radio/rail_lib/autogen/librail_release/librail_efr32xg13_gcc_release.a(protimer.o)
                0x000000000000d46c                PROTIMER_LBTStop
 .text.PROTIMER_PrecntOverflowToUs
                0x000000000000d484       0x34 /Users/clfilho/SimplicityStudio/BLE/MultibeaconBG13/platform/radio/rail_lib/autogen/librail_release/librail_efr32xg13_gcc_release.a(protimer.o)
                0x000000000000d484                PROTIMER_PrecntOverflowToUs
 .text.PROTIMER_GetUsTime
                0x000000000000d4b8       0x18 /Users/clfilho/SimplicityStudio/BLE/MultibeaconBG13/platform/radio/rail_lib/autogen/librail_release/librail_efr32xg13_gcc_release.a(protimer.o)
                0x000000000000d4b8                PROTIMER_GetUsTime
 .text.PROTIMER_GetUsFromRawWrap
                0x000000000000d4d0       0x2e /Users/clfilho/SimplicityStudio/BLE/MultibeaconBG13/platform/radio/rail_lib/autogen/librail_release/librail_efr32xg13_gcc_release.a(protimer.o)
                0x000000000000d4d0                PROTIMER_GetUsFromRawWrap
 *fill*         0x000000000000d4fe        0x2 
 .text.PROTIMER_UsToPrecntOverflow
                0x000000000000d500       0x40 /Users/clfilho/SimplicityStudio/BLE/MultibeaconBG13/platform/radio/rail_lib/autogen/librail_release/librail_efr32xg13_gcc_release.a(protimer.o)
                0x000000000000d500                PROTIMER_UsToPrecntOverflow
 .text.PROTIMER_CCTimerStart
                0x000000000000d540      0x1a8 /Users/clfilho/SimplicityStudio/BLE/MultibeaconBG13/platform/radio/rail_lib/autogen/librail_release/librail_efr32xg13_gcc_release.a(protimer.o)
                0x000000000000d540                PROTIMER_CCTimerStart
 .text.PROTIMER_ScheduleTxEnable
                0x000000000000d6e8       0x28 /Users/clfilho/SimplicityStudio/BLE/MultibeaconBG13/platform/radio/rail_lib/autogen/librail_release/librail_efr32xg13_gcc_release.a(protimer.o)
                0x000000000000d6e8                PROTIMER_ScheduleTxEnable
 .text.PROTIMER_ScheduleRxEnable
                0x000000000000d710       0x28 /Users/clfilho/SimplicityStudio/BLE/MultibeaconBG13/platform/radio/rail_lib/autogen/librail_release/librail_efr32xg13_gcc_release.a(protimer.o)
                0x000000000000d710                PROTIMER_ScheduleRxEnable
 .text.PROTIMER_ScheduleRxDisable
                0x000000000000d738       0x34 /Users/clfilho/SimplicityStudio/BLE/MultibeaconBG13/platform/radio/rail_lib/autogen/librail_release/librail_efr32xg13_gcc_release.a(protimer.o)
                0x000000000000d738                PROTIMER_ScheduleRxDisable
 .text.PROTIMER_DelayUs
                0x000000000000d76c       0x16 /Users/clfilho/SimplicityStudio/BLE/MultibeaconBG13/platform/radio/rail_lib/autogen/librail_release/librail_efr32xg13_gcc_release.a(protimer.o)
                0x000000000000d76c                PROTIMER_DelayUs
 *fill*         0x000000000000d782        0x2 
 .text.PTI_Config
                0x000000000000d784       0xc0 /Users/clfilho/SimplicityStudio/BLE/MultibeaconBG13/platform/radio/rail_lib/autogen/librail_release/librail_efr32xg13_gcc_release.a(pti.o)
                0x000000000000d784                PTI_Config
 .text.PTI_EnableAppendedInfo
                0x000000000000d844       0x18 /Users/clfilho/SimplicityStudio/BLE/MultibeaconBG13/platform/radio/rail_lib/autogen/librail_release/librail_efr32xg13_gcc_release.a(pti.o)
                0x000000000000d844                PTI_EnableAppendedInfo
 .text.PTI_Enable
                0x000000000000d85c       0x50 /Users/clfilho/SimplicityStudio/BLE/MultibeaconBG13/platform/radio/rail_lib/autogen/librail_release/librail_efr32xg13_gcc_release.a(pti.o)
                0x000000000000d85c                PTI_Enable
 .text.PTI_AuxdataOutput
                0x000000000000d8ac       0x1c /Users/clfilho/SimplicityStudio/BLE/MultibeaconBG13/platform/radio/rail_lib/autogen/librail_release/librail_efr32xg13_gcc_release.a(pti.o)
                0x000000000000d8ac                PTI_AuxdataOutput
 .text.PTI_EnableSyncword
                0x000000000000d8c8       0x18 /Users/clfilho/SimplicityStudio/BLE/MultibeaconBG13/platform/radio/rail_lib/autogen/librail_release/librail_efr32xg13_gcc_release.a(pti.o)
                0x000000000000d8c8                PTI_EnableSyncword
 .text.RADIO_SetAndForgetWrite
                0x000000000000d8e0       0x74 /Users/clfilho/SimplicityStudio/BLE/MultibeaconBG13/platform/radio/rail_lib/autogen/librail_release/librail_efr32xg13_gcc_release.a(radio.o)
                0x000000000000d8e0                RADIO_SetAndForgetWrite
 .text.RADIO_RewriteCcTableData
                0x000000000000d954       0x34 /Users/clfilho/SimplicityStudio/BLE/MultibeaconBG13/platform/radio/rail_lib/autogen/librail_release/librail_efr32xg13_gcc_release.a(radio.o)
                0x000000000000d954                RADIO_RewriteCcTableData
 .text.RADIO_SeqInit
                0x000000000000d988       0x64 /Users/clfilho/SimplicityStudio/BLE/MultibeaconBG13/platform/radio/rail_lib/autogen/librail_release/librail_efr32xg13_gcc_release.a(radio.o)
                0x000000000000d988                RADIO_SeqInit
 .text.RADIO_ClockEnable
                0x000000000000d9ec       0x14 /Users/clfilho/SimplicityStudio/BLE/MultibeaconBG13/platform/radio/rail_lib/autogen/librail_release/librail_efr32xg13_gcc_release.a(radio.o)
                0x000000000000d9ec                RADIO_ClockEnable
 .text.RADIO_Init
                0x000000000000da00       0x5c /Users/clfilho/SimplicityStudio/BLE/MultibeaconBG13/platform/radio/rail_lib/autogen/librail_release/librail_efr32xg13_gcc_release.a(radio.o)
                0x000000000000da00                RADIO_Init
 .text.RADIO_ClockPrescGet
                0x000000000000da5c       0x10 /Users/clfilho/SimplicityStudio/BLE/MultibeaconBG13/platform/radio/rail_lib/autogen/librail_release/librail_efr32xg13_gcc_release.a(radio.o)
                0x000000000000da5c                RADIO_ClockPrescGet
 .text.RADIO_ClockFreqGet
                0x000000000000da6c       0x14 /Users/clfilho/SimplicityStudio/BLE/MultibeaconBG13/platform/radio/rail_lib/autogen/librail_release/librail_efr32xg13_gcc_release.a(radio.o)
                0x000000000000da6c                RADIO_ClockFreqGet
 .text.RADIO_Config
                0x000000000000da80       0xb0 /Users/clfilho/SimplicityStudio/BLE/MultibeaconBG13/platform/radio/rail_lib/autogen/librail_release/librail_efr32xg13_gcc_release.a(radio.o)
                0x000000000000da80                RADIO_Config
 .text.RADIO_IsRxOnForRssi
                0x000000000000db30       0x18 /Users/clfilho/SimplicityStudio/BLE/MultibeaconBG13/platform/radio/rail_lib/autogen/librail_release/librail_efr32xg13_gcc_release.a(radio.o)
                0x000000000000db30                RADIO_IsRxOnForRssi
 .text.RADIO_RxTrailDataLength
                0x000000000000db48       0x3c /Users/clfilho/SimplicityStudio/BLE/MultibeaconBG13/platform/radio/rail_lib/autogen/librail_release/librail_efr32xg13_gcc_release.a(radio.o)
                0x000000000000db48                RADIO_RxTrailDataLength
 .text.RADIO_ComputeTxBaudrate
                0x000000000000db84       0x24 /Users/clfilho/SimplicityStudio/BLE/MultibeaconBG13/platform/radio/rail_lib/autogen/librail_release/librail_efr32xg13_gcc_release.a(radio.o)
                0x000000000000db84                RADIO_ComputeTxBaudrate
 .text.RADIO_ComputeTxSymbolRate
                0x000000000000dba8       0x54 /Users/clfilho/SimplicityStudio/BLE/MultibeaconBG13/platform/radio/rail_lib/autogen/librail_release/librail_efr32xg13_gcc_release.a(radio.o)
                0x000000000000dba8                RADIO_ComputeTxSymbolRate
 .text.RADIO_ComputeTxBitRate
                0x000000000000dbfc       0x44 /Users/clfilho/SimplicityStudio/BLE/MultibeaconBG13/platform/radio/rail_lib/autogen/librail_release/librail_efr32xg13_gcc_release.a(radio.o)
                0x000000000000dbfc                RADIO_ComputeTxBitRate
 .text.RADIO_GetRssi
                0x000000000000dc40       0x64 /Users/clfilho/SimplicityStudio/BLE/MultibeaconBG13/platform/radio/rail_lib/autogen/librail_release/librail_efr32xg13_gcc_release.a(radio.o)
                0x000000000000dc40                RADIO_GetRssi
 .text.RADIO_SetCRCInitVal
                0x000000000000dca4       0x10 /Users/clfilho/SimplicityStudio/BLE/MultibeaconBG13/platform/radio/rail_lib/autogen/librail_release/librail_efr32xg13_gcc_release.a(radio.o)
                0x000000000000dca4                RADIO_SetCRCInitVal
 .text.RADIO_RACClearRxOverflow
                0x000000000000dcb4       0x20 /Users/clfilho/SimplicityStudio/BLE/MultibeaconBG13/platform/radio/rail_lib/autogen/librail_release/librail_efr32xg13_gcc_release.a(radio.o)
                0x000000000000dcb4                RADIO_RACClearRxOverflow
 .text.RFSENSE_IRQHandler
                0x000000000000dcd4       0x10 /Users/clfilho/SimplicityStudio/BLE/MultibeaconBG13/platform/radio/rail_lib/autogen/librail_release/librail_efr32xg13_gcc_release.a(rfsense.o)
                0x000000000000dcd4                RFSENSE_IRQHandler
 .text.RTCCSYNC_RTCCClockFreqGet
                0x000000000000dce4       0x44 /Users/clfilho/SimplicityStudio/BLE/MultibeaconBG13/platform/radio/rail_lib/autogen/librail_release/librail_efr32xg13_gcc_release.a(rtccsync.o)
 .text.PRORTC_IRQHandler
                0x000000000000dd28       0x10 /Users/clfilho/SimplicityStudio/BLE/MultibeaconBG13/platform/radio/rail_lib/autogen/librail_release/librail_efr32xg13_gcc_release.a(rtccsync.o)
                0x000000000000dd28                PRORTC_IRQHandler
 .text.RTCCSYNC_Init
                0x000000000000dd38       0x88 /Users/clfilho/SimplicityStudio/BLE/MultibeaconBG13/platform/radio/rail_lib/autogen/librail_release/librail_efr32xg13_gcc_release.a(rtccsync.o)
                0x000000000000dd38                RTCCSYNC_Init
 .text.RTCCSYNC_PreSleep
                0x000000000000ddc0      0x2a0 /Users/clfilho/SimplicityStudio/BLE/MultibeaconBG13/platform/radio/rail_lib/autogen/librail_release/librail_efr32xg13_gcc_release.a(rtccsync.o)
                0x000000000000ddc0                RTCCSYNC_PreSleep
 .text.RTCCSYNC_PostWakeUp
                0x000000000000e060      0x1b8 /Users/clfilho/SimplicityStudio/BLE/MultibeaconBG13/platform/radio/rail_lib/autogen/librail_release/librail_efr32xg13_gcc_release.a(rtccsync.o)
                0x000000000000e060                RTCCSYNC_PostWakeUp
 .text.SYNTH_RfFreqGet
                0x000000000000e218        0xc /Users/clfilho/SimplicityStudio/BLE/MultibeaconBG13/platform/radio/rail_lib/autogen/librail_release/librail_efr32xg13_gcc_release.a(synth.o)
                0x000000000000e218                SYNTH_RfFreqGet
 .text.SYNTH_ChSpacingGet
                0x000000000000e224        0xc /Users/clfilho/SimplicityStudio/BLE/MultibeaconBG13/platform/radio/rail_lib/autogen/librail_release/librail_efr32xg13_gcc_release.a(synth.o)
                0x000000000000e224                SYNTH_ChSpacingGet
 .text.SYNTH_LoDivGet
                0x000000000000e230       0x20 /Users/clfilho/SimplicityStudio/BLE/MultibeaconBG13/platform/radio/rail_lib/autogen/librail_release/librail_efr32xg13_gcc_release.a(synth.o)
                0x000000000000e230                SYNTH_LoDivGet
 .text.SYNTH_Is2p4GHz
                0x000000000000e250       0x14 /Users/clfilho/SimplicityStudio/BLE/MultibeaconBG13/platform/radio/rail_lib/autogen/librail_release/librail_efr32xg13_gcc_release.a(synth.o)
                0x000000000000e250                SYNTH_Is2p4GHz
 .text.SYNTH_VcoRangeIsValid
                0x000000000000e264       0x30 /Users/clfilho/SimplicityStudio/BLE/MultibeaconBG13/platform/radio/rail_lib/autogen/librail_release/librail_efr32xg13_gcc_release.a(synth.o)
                0x000000000000e264                SYNTH_VcoRangeIsValid
 .text.SYNTH_RetimeLimitsConfig
                0x000000000000e294       0x64 /Users/clfilho/SimplicityStudio/BLE/MultibeaconBG13/platform/radio/rail_lib/autogen/librail_release/librail_efr32xg13_gcc_release.a(synth.o)
                0x000000000000e294                SYNTH_RetimeLimitsConfig
 .text.SYNTH_RetimeClkConfig
                0x000000000000e2f8       0xb4 /Users/clfilho/SimplicityStudio/BLE/MultibeaconBG13/platform/radio/rail_lib/autogen/librail_release/librail_efr32xg13_gcc_release.a(synth.o)
                0x000000000000e2f8                SYNTH_RetimeClkConfig
 .text.SYNTH_Config
                0x000000000000e3ac      0x104 /Users/clfilho/SimplicityStudio/BLE/MultibeaconBG13/platform/radio/rail_lib/autogen/librail_release/librail_efr32xg13_gcc_release.a(synth.o)
                0x000000000000e3ac                SYNTH_Config
 .text.SYNTH_ChannelSet
                0x000000000000e4b0       0x40 /Users/clfilho/SimplicityStudio/BLE/MultibeaconBG13/platform/radio/rail_lib/autogen/librail_release/librail_efr32xg13_gcc_release.a(synth.o)
                0x000000000000e4b0                SYNTH_ChannelSet
 .text.SYNTH_DCDCRetimeClkSet
                0x000000000000e4f0       0x68 /Users/clfilho/SimplicityStudio/BLE/MultibeaconBG13/platform/radio/rail_lib/autogen/librail_release/librail_efr32xg13_gcc_release.a(synth.o)
                0x000000000000e4f0                SYNTH_DCDCRetimeClkSet
 .text.SYNTH_DCDCRetimeEnable
                0x000000000000e558       0x18 /Users/clfilho/SimplicityStudio/BLE/MultibeaconBG13/platform/radio/rail_lib/autogen/librail_release/librail_efr32xg13_gcc_release.a(synth.o)
                0x000000000000e558                SYNTH_DCDCRetimeEnable
 .text.SYNTH_DCDCRetimeDisable
                0x000000000000e570       0x18 /Users/clfilho/SimplicityStudio/BLE/MultibeaconBG13/platform/radio/rail_lib/autogen/librail_release/librail_efr32xg13_gcc_release.a(synth.o)
                0x000000000000e570                SYNTH_DCDCRetimeDisable
 .text.SYNTH_KvnFreqCompensationEnable
                0x000000000000e588        0xc /Users/clfilho/SimplicityStudio/BLE/MultibeaconBG13/platform/radio/rail_lib/autogen/librail_release/librail_efr32xg13_gcc_release.a(synth.o)
                0x000000000000e588                SYNTH_KvnFreqCompensationEnable
 .text.TEMPCAL_Init
                0x000000000000e594       0x38 /Users/clfilho/SimplicityStudio/BLE/MultibeaconBG13/platform/radio/rail_lib/autogen/librail_release/librail_efr32xg13_gcc_release.a(tempcal.o)
                0x000000000000e594                TEMPCAL_Init
 .text.TIMING_NsToStimerTickCalc
                0x000000000000e5cc       0x2c /Users/clfilho/SimplicityStudio/BLE/MultibeaconBG13/platform/radio/rail_lib/autogen/librail_release/librail_efr32xg13_gcc_release.a(timings.o)
 .text.TIMING_Recalculate
                0x000000000000e5f8      0x1ec /Users/clfilho/SimplicityStudio/BLE/MultibeaconBG13/platform/radio/rail_lib/autogen/librail_release/librail_efr32xg13_gcc_release.a(timings.o)
 .text.TIMING_InitStimer
                0x000000000000e7e4       0x8c /Users/clfilho/SimplicityStudio/BLE/MultibeaconBG13/platform/radio/rail_lib/autogen/librail_release/librail_efr32xg13_gcc_release.a(timings.o)
                0x000000000000e7e4                TIMING_InitStimer
 .text.TIMING_SeqTimingInit
                0x000000000000e870       0x90 /Users/clfilho/SimplicityStudio/BLE/MultibeaconBG13/platform/radio/rail_lib/autogen/librail_release/librail_efr32xg13_gcc_release.a(timings.o)
                0x000000000000e870                TIMING_SeqTimingInit
 .text.TIMING_SetTransitionTime
                0x000000000000e900       0x18 /Users/clfilho/SimplicityStudio/BLE/MultibeaconBG13/platform/radio/rail_lib/autogen/librail_release/librail_efr32xg13_gcc_release.a(timings.o)
                0x000000000000e900                TIMING_SetTransitionTime
 .text.TIMING_RxSearchTimeSet
                0x000000000000e918       0x10 /Users/clfilho/SimplicityStudio/BLE/MultibeaconBG13/platform/radio/rail_lib/autogen/librail_release/librail_efr32xg13_gcc_release.a(timings.o)
                0x000000000000e918                TIMING_RxSearchTimeSet
 .text.TIMING_TxToRxSearchTimeSet
                0x000000000000e928       0x10 /Users/clfilho/SimplicityStudio/BLE/MultibeaconBG13/platform/radio/rail_lib/autogen/librail_release/librail_efr32xg13_gcc_release.a(timings.o)
                0x000000000000e928                TIMING_TxToRxSearchTimeSet
 .text.TIMING_RecalculateAll
                0x000000000000e938        0x6 /Users/clfilho/SimplicityStudio/BLE/MultibeaconBG13/platform/radio/rail_lib/autogen/librail_release/librail_efr32xg13_gcc_release.a(timings.o)
                0x000000000000e938                TIMING_RecalculateAll
 .text.TIMING_RecalculatePaRampChanged
                0x000000000000e93e        0x6 /Users/clfilho/SimplicityStudio/BLE/MultibeaconBG13/platform/radio/rail_lib/autogen/librail_release/librail_efr32xg13_gcc_release.a(timings.o)
                0x000000000000e93e                TIMING_RecalculatePaRampChanged
 .text.TIMING_RecalculateViterbiChanged
                0x000000000000e944        0x6 /Users/clfilho/SimplicityStudio/BLE/MultibeaconBG13/platform/radio/rail_lib/autogen/librail_release/librail_efr32xg13_gcc_release.a(timings.o)
                0x000000000000e944                TIMING_RecalculateViterbiChanged
 .text.TIMING_SetChainDelays
                0x000000000000e94a        0x8 /Users/clfilho/SimplicityStudio/BLE/MultibeaconBG13/platform/radio/rail_lib/autogen/librail_release/librail_efr32xg13_gcc_release.a(timings.o)
                0x000000000000e94a                TIMING_SetChainDelays
 *fill*         0x000000000000e952        0x2 
 .text.TIMING_CalcAdjustUs
                0x000000000000e954       0x40 /Users/clfilho/SimplicityStudio/BLE/MultibeaconBG13/platform/radio/rail_lib/autogen/librail_release/librail_efr32xg13_gcc_release.a(timings.o)
                0x000000000000e954                TIMING_CalcAdjustUs
 .text.TIMING_PacketBits
                0x000000000000e994       0x14 /Users/clfilho/SimplicityStudio/BLE/MultibeaconBG13/platform/radio/rail_lib/autogen/librail_release/librail_efr32xg13_gcc_release.a(timings.o)
                0x000000000000e994                TIMING_PacketBits
 .text.TIMING_PreambleSyncBits
                0x000000000000e9a8       0x38 /Users/clfilho/SimplicityStudio/BLE/MultibeaconBG13/platform/radio/rail_lib/autogen/librail_release/librail_efr32xg13_gcc_release.a(timings.o)
                0x000000000000e9a8                TIMING_PreambleSyncBits
 .text.TIMING_CalcRxTimeStampUs
                0x000000000000e9e0       0x66 /Users/clfilho/SimplicityStudio/BLE/MultibeaconBG13/platform/radio/rail_lib/autogen/librail_release/librail_efr32xg13_gcc_release.a(timings.o)
                0x000000000000e9e0                TIMING_CalcRxTimeStampUs
 *fill*         0x000000000000ea46        0x2 
 .text.TIMING_AdjustRxTimeStampUs
                0x000000000000ea48       0x40 /Users/clfilho/SimplicityStudio/BLE/MultibeaconBG13/platform/radio/rail_lib/autogen/librail_release/librail_efr32xg13_gcc_release.a(timings.o)
                0x000000000000ea48                TIMING_AdjustRxTimeStampUs
 .text.RFRAND_GetRadioEntropy
                0x000000000000ea88      0x100 /Users/clfilho/SimplicityStudio/BLE/MultibeaconBG13/platform/radio/rail_lib/autogen/librail_release/librail_efr32xg13_gcc_release.a(rf_rand.o)
                0x000000000000ea88                RFRAND_GetRadioEntropy
 .text.RFRAND_SeedProtimerRandom
                0x000000000000eb88       0x3c /Users/clfilho/SimplicityStudio/BLE/MultibeaconBG13/platform/radio/rail_lib/autogen/librail_release/librail_efr32xg13_gcc_release.a(rf_rand.o)
                0x000000000000eb88                RFRAND_SeedProtimerRandom
 .text.RAIL_GetTxPowerCurve
                0x000000000000ebc4       0x14 /Users/clfilho/SimplicityStudio/BLE/MultibeaconBG13/platform/radio/rail_lib/autogen/librail_release/librail_efr32xg13_gcc_release.a(pa_conversions_efr32.o)
                0x000000000000ebc4                RAIL_GetTxPowerCurve
 .text.RAIL_InitTxPowerCurves
                0x000000000000ebd8       0x2c /Users/clfilho/SimplicityStudio/BLE/MultibeaconBG13/platform/radio/rail_lib/autogen/librail_release/librail_efr32xg13_gcc_release.a(pa_conversions_efr32.o)
                0x000000000000ebd8                RAIL_InitTxPowerCurves
 .text.RAIL_ConvertDbmToRaw
                0x000000000000ec04       0xd8 /Users/clfilho/SimplicityStudio/BLE/MultibeaconBG13/platform/radio/rail_lib/autogen/librail_release/librail_efr32xg13_gcc_release.a(pa_conversions_efr32.o)
                0x000000000000ec04                RAIL_ConvertDbmToRaw
 .text.RAIL_ConvertRawToDbm
                0x000000000000ecdc       0xb8 /Users/clfilho/SimplicityStudio/BLE/MultibeaconBG13/platform/radio/rail_lib/autogen/librail_release/librail_efr32xg13_gcc_release.a(pa_conversions_efr32.o)
                0x000000000000ecdc                RAIL_ConvertRawToDbm
 .text.GENERIC_PHY_EnableDisableInt
                0x000000000000ed94       0x22 /Users/clfilho/SimplicityStudio/BLE/MultibeaconBG13/platform/radio/rail_lib/autogen/librail_release/librail_efr32xg13_gcc_release.a(generic_phy.o)
 *fill*         0x000000000000edb6        0x2 
 .text.GENERIC_PHY_DisableRadioIrqs
                0x000000000000edb8       0x50 /Users/clfilho/SimplicityStudio/BLE/MultibeaconBG13/platform/radio/rail_lib/autogen/librail_release/librail_efr32xg13_gcc_release.a(generic_phy.o)
 .text.GENERIC_PHY_ConfigureRollbackReporting
                0x000000000000ee08       0x68 /Users/clfilho/SimplicityStudio/BLE/MultibeaconBG13/platform/radio/rail_lib/autogen/librail_release/librail_efr32xg13_gcc_release.a(generic_phy.o)
 .text.GENERIC_PHY_ClearPendedRxWindowEnd
                0x000000000000ee70       0x1c /Users/clfilho/SimplicityStudio/BLE/MultibeaconBG13/platform/radio/rail_lib/autogen/librail_release/librail_efr32xg13_gcc_release.a(generic_phy.o)
 .text.GENERIC_PHY_RxOverflowHook
                0x000000000000ee8c       0x34 /Users/clfilho/SimplicityStudio/BLE/MultibeaconBG13/platform/radio/rail_lib/autogen/librail_release/librail_efr32xg13_gcc_release.a(generic_phy.o)
 .text.RADIO_RACRxAbort
                0x000000000000eec0       0x3c /Users/clfilho/SimplicityStudio/BLE/MultibeaconBG13/platform/radio/rail_lib/autogen/librail_release/librail_efr32xg13_gcc_release.a(generic_phy.o)
 .text.GENERIC_PHY_CheckPendedRxWindowEnd
                0x000000000000eefc       0x44 /Users/clfilho/SimplicityStudio/BLE/MultibeaconBG13/platform/radio/rail_lib/autogen/librail_release/librail_efr32xg13_gcc_release.a(generic_phy.o)
 .text.GENERIC_PHY_ConfigureEvents
                0x000000000000ef40      0x2c8 /Users/clfilho/SimplicityStudio/BLE/MultibeaconBG13/platform/radio/rail_lib/autogen/librail_release/librail_efr32xg13_gcc_release.a(generic_phy.o)
                0x000000000000ef40                GENERIC_PHY_ConfigureEvents
 .text.GENERIC_PHY_PacketTxCommon
                0x000000000000f208       0x3c /Users/clfilho/SimplicityStudio/BLE/MultibeaconBG13/platform/radio/rail_lib/autogen/librail_release/librail_efr32xg13_gcc_release.a(generic_phy.o)
                0x000000000000f208                GENERIC_PHY_PacketTxCommon
 .text.GENERIC_PHY_PacketTx
                0x000000000000f244       0x40 /Users/clfilho/SimplicityStudio/BLE/MultibeaconBG13/platform/radio/rail_lib/autogen/librail_release/librail_efr32xg13_gcc_release.a(generic_phy.o)
                0x000000000000f244                GENERIC_PHY_PacketTx
 .text.GENERIC_PHY_SchedulePacketRx
                0x000000000000f284      0x100 /Users/clfilho/SimplicityStudio/BLE/MultibeaconBG13/platform/radio/rail_lib/autogen/librail_release/librail_efr32xg13_gcc_release.a(generic_phy.o)
                0x000000000000f284                GENERIC_PHY_SchedulePacketRx
 .text.GENERIC_PHY_SchedulePacketTx
                0x000000000000f384       0x78 /Users/clfilho/SimplicityStudio/BLE/MultibeaconBG13/platform/radio/rail_lib/autogen/librail_release/librail_efr32xg13_gcc_release.a(generic_phy.o)
                0x000000000000f384                GENERIC_PHY_SchedulePacketTx
 .text.GENERIC_PHY_SeqAtomicLock
                0x000000000000f3fc       0x30 /Users/clfilho/SimplicityStudio/BLE/MultibeaconBG13/platform/radio/rail_lib/autogen/librail_release/librail_efr32xg13_gcc_release.a(generic_phy.o)
                0x000000000000f3fc                GENERIC_PHY_SeqAtomicLock
 .text.GENERIC_PHY_RACConfig
                0x000000000000f42c       0x40 /Users/clfilho/SimplicityStudio/BLE/MultibeaconBG13/platform/radio/rail_lib/autogen/librail_release/librail_efr32xg13_gcc_release.a(generic_phy.o)
                0x000000000000f42c                GENERIC_PHY_RACConfig
 .text.GENERIC_PHY_Init
                0x000000000000f46c       0x70 /Users/clfilho/SimplicityStudio/BLE/MultibeaconBG13/platform/radio/rail_lib/autogen/librail_release/librail_efr32xg13_gcc_release.a(generic_phy.o)
                0x000000000000f46c                GENERIC_PHY_Init
 .text.GENERIC_PHY_ResetRxFifo
                0x000000000000f4dc       0x30 /Users/clfilho/SimplicityStudio/BLE/MultibeaconBG13/platform/radio/rail_lib/autogen/librail_release/librail_efr32xg13_gcc_release.a(generic_phy.o)
                0x000000000000f4dc                GENERIC_PHY_ResetRxFifo
 .text.GENERIC_PHY_RadioIdle
                0x000000000000f50c      0x154 /Users/clfilho/SimplicityStudio/BLE/MultibeaconBG13/platform/radio/rail_lib/autogen/librail_release/librail_efr32xg13_gcc_release.a(generic_phy.o)
                0x000000000000f50c                GENERIC_PHY_RadioIdle
 .text.FRC_IRQHandler
                0x000000000000f660      0x528 /Users/clfilho/SimplicityStudio/BLE/MultibeaconBG13/platform/radio/rail_lib/autogen/librail_release/librail_efr32xg13_gcc_release.a(generic_phy.o)
                0x000000000000f660                FRC_IRQHandler
 .text.FRC_PRI_IRQHandler
                0x000000000000fb88        0x4 /Users/clfilho/SimplicityStudio/BLE/MultibeaconBG13/platform/radio/rail_lib/autogen/librail_release/librail_efr32xg13_gcc_release.a(generic_phy.o)
                0x000000000000fb88                FRC_PRI_IRQHandler
 .text.BUFC_IRQHandler
                0x000000000000fb8c        0x4 /Users/clfilho/SimplicityStudio/BLE/MultibeaconBG13/platform/radio/rail_lib/autogen/librail_release/librail_efr32xg13_gcc_release.a(generic_phy.o)
                0x000000000000fb8c                BUFC_IRQHandler
 .text.PROTIMER_IRQHandler
                0x000000000000fb90        0x4 /Users/clfilho/SimplicityStudio/BLE/MultibeaconBG13/platform/radio/rail_lib/autogen/librail_release/librail_efr32xg13_gcc_release.a(generic_phy.o)
                0x000000000000fb90                PROTIMER_IRQHandler
 .text.RAC_SEQ_IRQHandler